// Jest Snapshot v1, https://goo.gl/fbAQLP

exports[`renders correctly 1`] = `
<RCTSafeAreaView
  emulateUnlessSupported={true}
  style={
    Object {
      "backgroundColor": "hsl(0, 0%, 100%)",
      "flex": 1,
    }
  }
>
  <View
    style={
      Object {
        "alignItems": "center",
        "borderBottomColor": "hsl(208, 7%, 46%)",
        "borderBottomWidth": 0,
        "flexDirection": "row",
        "height": 72,
        "justifyContent": "space-between",
      }
    }
  >
    <View
      accessible={true}
      focusable={true}
      isTVSelectable={true}
      onClick={[Function]}
      onResponderGrant={[Function]}
      onResponderMove={[Function]}
      onResponderRelease={[Function]}
      onResponderTerminate={[Function]}
      onResponderTerminationRequest={[Function]}
      onStartShouldSetResponder={[Function]}
      style={
        Object {
          "flex": 0.2,
          "opacity": 1,
          "padding": 12,
        }
      }
    >
      <View>
        <Text
          allowFontScaling={false}
          style={
            Array [
              Object {
                "color": "hsl(208, 7%, 46%)",
                "fontSize": 24,
              },
              Array [
                undefined,
                undefined,
              ],
              Object {
                "fontFamily": "Material Design Icons",
                "fontStyle": "normal",
                "fontWeight": "normal",
              },
              Object {},
            ]
          }
        >
          
        </Text>
      </View>
    </View>
    <View
      accessible={true}
      focusable={false}
      isTVSelectable={true}
      onClick={[Function]}
      onResponderGrant={[Function]}
      onResponderMove={[Function]}
      onResponderRelease={[Function]}
      onResponderTerminate={[Function]}
      onResponderTerminationRequest={[Function]}
      onStartShouldSetResponder={[Function]}
      style={
        Object {
          "flex": 0.2,
          "opacity": 1,
          "padding": 12,
        }
      }
    />
  </View>
  <View
    style={
      Array [
        Object {
          "backgroundColor": "hsl(0, 0%, 100%)",
          "flex": 1,
        },
        undefined,
        undefined,
      ]
    }
  >
    <RCTScrollView>
      <View>
        <View
          accessible={true}
          focusable={true}
          isTVSelectable={true}
          onClick={[Function]}
          onResponderGrant={[Function]}
          onResponderMove={[Function]}
          onResponderRelease={[Function]}
          onResponderTerminate={[Function]}
          onResponderTerminationRequest={[Function]}
          onStartShouldSetResponder={[Function]}
          style={
            Object {
              "alignItems": "center",
              "backgroundColor": "transparent",
              "borderColor": "transparent",
              "borderRadius": 4,
              "borderWidth": 1,
              "flexDirection": "row",
              "height": 36,
              "justifyContent": "center",
              "opacity": 1,
              "paddingHorizontal": 16,
            }
          }
        >
          <Text
            style={
              Object {
                "color": "hsl(0, 0%, 0%)",
                "fontSize": 14,
                "fontWeight": "600",
                "letterSpacing": 0.75,
                "opacity": 1,
                "textAlign": "center",
              }
            }
          >
            NOTHING
          </Text>
        </View>
        <View
          accessible={true}
          focusable={true}
          isTVSelectable={true}
          onClick={[Function]}
          onResponderGrant={[Function]}
          onResponderMove={[Function]}
          onResponderRelease={[Function]}
          onResponderTerminate={[Function]}
          onResponderTerminationRequest={[Function]}
          onStartShouldSetResponder={[Function]}
          style={
            Object {
              "alignItems": "center",
              "backgroundColor": "transparent",
              "borderColor": "transparent",
              "borderRadius": 4,
              "borderWidth": 1,
              "flexDirection": "row",
              "height": 36,
              "justifyContent": "center",
              "opacity": 1,
              "paddingHorizontal": 16,
            }
          }
        >
          <Text
            style={
              Object {
                "color": "hsl(0, 0%, 0%)",
                "fontSize": 14,
                "fontWeight": "600",
                "letterSpacing": 0.75,
                "opacity": 1,
                "textAlign": "center",
              }
            }
          >
            TEXT
          </Text>
        </View>
        <View
          accessible={true}
          focusable={true}
          isTVSelectable={true}
          onClick={[Function]}
          onResponderGrant={[Function]}
          onResponderMove={[Function]}
          onResponderRelease={[Function]}
          onResponderTerminate={[Function]}
          onResponderTerminationRequest={[Function]}
          onStartShouldSetResponder={[Function]}
          style={
            Object {
              "alignItems": "center",
              "backgroundColor": "hsl(0, 0%, 100%)",
              "borderColor": "hsl(210, 10%, 23%)",
              "borderRadius": 4,
              "borderWidth": 1,
              "flexDirection": "row",
              "height": 36,
              "justifyContent": "center",
              "opacity": 1,
              "paddingHorizontal": 16,
            }
          }
        >
          <Text
            style={
              Object {
                "color": "hsl(0, 0%, 0%)",
                "fontSize": 14,
                "fontWeight": "600",
                "letterSpacing": 0.75,
                "opacity": 1,
                "textAlign": "center",
              }
            }
          >
            OUTLINED
          </Text>
        </View>
        <View
          accessible={true}
          focusable={true}
          isTVSelectable={true}
          onClick={[Function]}
          onResponderGrant={[Function]}
          onResponderMove={[Function]}
          onResponderRelease={[Function]}
          onResponderTerminate={[Function]}
          onResponderTerminationRequest={[Function]}
          onStartShouldSetResponder={[Function]}
          style={
            Object {
              "alignItems": "center",
              "backgroundColor": "hsl(0, 0%, 0%)",
              "borderColor": "transparent",
              "borderRadius": 4,
              "borderWidth": 1,
              "flexDirection": "row",
              "height": 36,
              "justifyContent": "center",
              "opacity": 1,
              "paddingHorizontal": 16,
            }
          }
        >
          <Text
            style={
              Object {
                "color": "hsl(0, 0%, 100%)",
                "fontSize": 14,
                "fontWeight": "600",
                "letterSpacing": 0.75,
                "opacity": 1,
                "textAlign": "center",
              }
            }
          >
            CONTAINED
          </Text>
        </View>
        <View
          accessible={true}
          focusable={true}
          isTVSelectable={true}
          onClick={[Function]}
          onResponderGrant={[Function]}
          onResponderMove={[Function]}
          onResponderRelease={[Function]}
          onResponderTerminate={[Function]}
          onResponderTerminationRequest={[Function]}
          onStartShouldSetResponder={[Function]}
          style={
            Object {
              "alignItems": "center",
              "backgroundColor": "transparent",
              "borderColor": "transparent",
              "borderRadius": 4,
              "borderWidth": 1,
              "flexDirection": "row",
              "height": 36,
              "justifyContent": "center",
              "opacity": 1,
              "paddingHorizontal": 16,
            }
          }
        >
          <Text
            style={
              Object {
                "color": "hsl(0, 0%, 0%)",
                "fontSize": 14,
                "fontWeight": "600",
                "letterSpacing": 0.75,
                "opacity": 1,
                "textAlign": "center",
              }
            }
          >
            NOTHING
          </Text>
        </View>
        <View
          accessible={true}
          focusable={true}
          isTVSelectable={true}
          onClick={[Function]}
          onResponderGrant={[Function]}
          onResponderMove={[Function]}
          onResponderRelease={[Function]}
          onResponderTerminate={[Function]}
          onResponderTerminationRequest={[Function]}
          onStartShouldSetResponder={[Function]}
          style={
            Object {
              "alignItems": "center",
              "backgroundColor": "transparent",
              "borderColor": "transparent",
              "borderRadius": 4,
              "borderWidth": 1,
              "flexDirection": "row",
              "height": 36,
              "justifyContent": "center",
              "opacity": 1,
              "paddingHorizontal": 16,
            }
          }
        >
          <Text
            style={
              Object {
                "color": "hsl(0, 0%, 0%)",
                "fontSize": 14,
                "fontWeight": "600",
                "letterSpacing": 0.75,
                "opacity": 1,
                "textAlign": "center",
              }
            }
          >
            TEXT
          </Text>
        </View>
        <View
          accessible={true}
          focusable={true}
          isTVSelectable={true}
          onClick={[Function]}
          onResponderGrant={[Function]}
          onResponderMove={[Function]}
          onResponderRelease={[Function]}
          onResponderTerminate={[Function]}
          onResponderTerminationRequest={[Function]}
          onStartShouldSetResponder={[Function]}
          style={
            Object {
              "alignItems": "center",
              "backgroundColor": "hsl(0, 0%, 100%)",
              "borderColor": "hsl(210, 10%, 23%)",
              "borderRadius": 4,
              "borderWidth": 1,
              "flexDirection": "row",
              "height": 36,
              "justifyContent": "center",
              "opacity": 1,
              "paddingHorizontal": 16,
            }
          }
        >
          <Text
            style={
              Object {
                "color": "hsl(0, 0%, 0%)",
                "fontSize": 14,
                "fontWeight": "600",
                "letterSpacing": 0.75,
                "opacity": 1,
                "textAlign": "center",
              }
            }
          >
            OUTLINED
          </Text>
        </View>
        <View
          accessible={true}
          focusable={true}
          isTVSelectable={true}
          onClick={[Function]}
          onResponderGrant={[Function]}
          onResponderMove={[Function]}
          onResponderRelease={[Function]}
          onResponderTerminate={[Function]}
          onResponderTerminationRequest={[Function]}
          onStartShouldSetResponder={[Function]}
          style={
            Object {
              "alignItems": "center",
              "backgroundColor": "hsl(0, 0%, 0%)",
              "borderColor": "transparent",
              "borderRadius": 4,
              "borderWidth": 1,
              "flexDirection": "row",
              "height": 36,
              "justifyContent": "center",
              "opacity": 1,
              "paddingHorizontal": 16,
            }
          }
        >
          <Text
            style={
              Object {
                "color": "hsl(0, 0%, 100%)",
                "fontSize": 14,
                "fontWeight": "600",
                "letterSpacing": 0.75,
                "opacity": 1,
                "textAlign": "center",
              }
            }
          >
            CONTAINED
          </Text>
        </View>
        <View
          accessible={true}
          focusable={true}
          isTVSelectable={true}
          onClick={[Function]}
          onResponderGrant={[Function]}
          onResponderMove={[Function]}
          onResponderRelease={[Function]}
          onResponderTerminate={[Function]}
          onResponderTerminationRequest={[Function]}
          onStartShouldSetResponder={[Function]}
          style={
            Object {
              "alignItems": "center",
              "backgroundColor": "transparent",
              "borderColor": "transparent",
              "borderRadius": 4,
              "borderWidth": 1,
              "flexDirection": "row",
              "height": 36,
              "justifyContent": "center",
              "opacity": 1,
              "paddingHorizontal": 16,
              "width": "50%",
            }
          }
        >
          <Text
            style={
              Object {
                "color": "hsl(0, 0%, 0%)",
                "fontSize": 14,
                "fontWeight": "600",
                "letterSpacing": 0.75,
                "opacity": 1,
                "textAlign": "center",
              }
            }
          >
            NOTHING
          </Text>
        </View>
        <View
          accessible={true}
          focusable={true}
          isTVSelectable={true}
          onClick={[Function]}
          onResponderGrant={[Function]}
          onResponderMove={[Function]}
          onResponderRelease={[Function]}
          onResponderTerminate={[Function]}
          onResponderTerminationRequest={[Function]}
          onStartShouldSetResponder={[Function]}
          style={
            Object {
              "alignItems": "center",
              "backgroundColor": "transparent",
              "borderColor": "transparent",
              "borderRadius": 4,
              "borderWidth": 1,
              "flexDirection": "row",
              "height": 36,
              "justifyContent": "center",
              "opacity": 1,
              "paddingHorizontal": 16,
              "width": "50%",
            }
          }
        >
          <Text
            style={
              Object {
                "color": "hsl(0, 0%, 0%)",
                "fontSize": 14,
                "fontWeight": "600",
                "letterSpacing": 0.75,
                "opacity": 1,
                "textAlign": "center",
              }
            }
          >
            TEXT
          </Text>
        </View>
        <View
          accessible={true}
          focusable={true}
          isTVSelectable={true}
          onClick={[Function]}
          onResponderGrant={[Function]}
          onResponderMove={[Function]}
          onResponderRelease={[Function]}
          onResponderTerminate={[Function]}
          onResponderTerminationRequest={[Function]}
          onStartShouldSetResponder={[Function]}
          style={
            Object {
              "alignItems": "center",
              "backgroundColor": "hsl(0, 0%, 100%)",
              "borderColor": "hsl(210, 10%, 23%)",
              "borderRadius": 4,
              "borderWidth": 1,
              "flexDirection": "row",
              "height": 36,
              "justifyContent": "center",
              "opacity": 1,
              "paddingHorizontal": 16,
              "width": "50%",
            }
          }
        >
          <Text
            style={
              Object {
                "color": "hsl(0, 0%, 0%)",
                "fontSize": 14,
                "fontWeight": "600",
                "letterSpacing": 0.75,
                "opacity": 1,
                "textAlign": "center",
              }
            }
          >
            OUTLINED
          </Text>
        </View>
        <View
          accessible={true}
          focusable={true}
          isTVSelectable={true}
          onClick={[Function]}
          onResponderGrant={[Function]}
          onResponderMove={[Function]}
          onResponderRelease={[Function]}
          onResponderTerminate={[Function]}
          onResponderTerminationRequest={[Function]}
          onStartShouldSetResponder={[Function]}
          style={
            Object {
              "alignItems": "center",
              "backgroundColor": "hsl(0, 0%, 0%)",
              "borderColor": "transparent",
              "borderRadius": 4,
              "borderWidth": 1,
              "flexDirection": "row",
              "height": 36,
              "justifyContent": "center",
              "opacity": 1,
              "paddingHorizontal": 16,
              "width": "50%",
            }
          }
        >
          <Text
            style={
              Object {
                "color": "hsl(0, 0%, 100%)",
                "fontSize": 14,
                "fontWeight": "600",
                "letterSpacing": 0.75,
                "opacity": 1,
                "textAlign": "center",
              }
            }
          >
            CONTAINED
          </Text>
        </View>
        <View
          accessible={true}
          focusable={true}
          isTVSelectable={true}
          onClick={[Function]}
          onResponderGrant={[Function]}
          onResponderMove={[Function]}
          onResponderRelease={[Function]}
          onResponderTerminate={[Function]}
          onResponderTerminationRequest={[Function]}
          onStartShouldSetResponder={[Function]}
          style={
            Object {
              "alignItems": "center",
              "alignSelf": "center",
              "backgroundColor": "transparent",
              "borderColor": "transparent",
              "borderRadius": 4,
              "borderWidth": 1,
              "flexDirection": "row",
              "height": 36,
              "justifyContent": "center",
              "opacity": 1,
              "paddingHorizontal": 16,
              "width": "50%",
            }
          }
        >
          <Text
            style={
              Object {
                "color": "hsl(0, 0%, 0%)",
                "fontSize": 14,
                "fontWeight": "600",
                "letterSpacing": 0.75,
                "opacity": 1,
                "textAlign": "center",
              }
            }
          >
            NOTHING
          </Text>
        </View>
        <View
          accessible={true}
          focusable={true}
          isTVSelectable={true}
          onClick={[Function]}
          onResponderGrant={[Function]}
          onResponderMove={[Function]}
          onResponderRelease={[Function]}
          onResponderTerminate={[Function]}
          onResponderTerminationRequest={[Function]}
          onStartShouldSetResponder={[Function]}
          style={
            Object {
              "alignItems": "center",
              "alignSelf": "center",
              "backgroundColor": "transparent",
              "borderColor": "transparent",
              "borderRadius": 4,
              "borderWidth": 1,
              "flexDirection": "row",
              "height": 36,
              "justifyContent": "center",
              "opacity": 1,
              "paddingHorizontal": 16,
              "width": "50%",
            }
          }
        >
          <Text
            style={
              Object {
                "color": "hsl(0, 0%, 0%)",
                "fontSize": 14,
                "fontWeight": "600",
                "letterSpacing": 0.75,
                "opacity": 1,
                "textAlign": "center",
              }
            }
          >
            TEXT
          </Text>
        </View>
        <View
          accessible={true}
          focusable={true}
          isTVSelectable={true}
          onClick={[Function]}
          onResponderGrant={[Function]}
          onResponderMove={[Function]}
          onResponderRelease={[Function]}
          onResponderTerminate={[Function]}
          onResponderTerminationRequest={[Function]}
          onStartShouldSetResponder={[Function]}
          style={
            Object {
              "alignItems": "center",
              "alignSelf": "center",
              "backgroundColor": "hsl(0, 0%, 100%)",
              "borderColor": "hsl(210, 10%, 23%)",
              "borderRadius": 4,
              "borderWidth": 1,
              "flexDirection": "row",
              "height": 36,
              "justifyContent": "center",
              "opacity": 1,
              "paddingHorizontal": 16,
              "width": "50%",
            }
          }
        >
          <Text
            style={
              Object {
                "color": "hsl(0, 0%, 0%)",
                "fontSize": 14,
                "fontWeight": "600",
                "letterSpacing": 0.75,
                "opacity": 1,
                "textAlign": "center",
              }
            }
          >
            OUTLINED
          </Text>
        </View>
        <View
          accessible={true}
          focusable={true}
          isTVSelectable={true}
          onClick={[Function]}
          onResponderGrant={[Function]}
          onResponderMove={[Function]}
          onResponderRelease={[Function]}
          onResponderTerminate={[Function]}
          onResponderTerminationRequest={[Function]}
          onStartShouldSetResponder={[Function]}
          style={
            Object {
              "alignItems": "center",
              "alignSelf": "center",
              "backgroundColor": "hsl(0, 0%, 0%)",
              "borderColor": "transparent",
              "borderRadius": 4,
              "borderWidth": 1,
              "flexDirection": "row",
              "height": 36,
              "justifyContent": "center",
              "opacity": 1,
              "paddingHorizontal": 16,
              "width": "50%",
            }
          }
        >
          <Text
            style={
              Object {
                "color": "hsl(0, 0%, 100%)",
                "fontSize": 14,
                "fontWeight": "600",
                "letterSpacing": 0.75,
                "opacity": 1,
                "textAlign": "center",
              }
            }
          >
            CONTAINED
          </Text>
        </View>
        <View
          accessible={true}
          focusable={true}
          isTVSelectable={true}
          onClick={[Function]}
          onResponderGrant={[Function]}
          onResponderMove={[Function]}
          onResponderRelease={[Function]}
          onResponderTerminate={[Function]}
          onResponderTerminationRequest={[Function]}
          onStartShouldSetResponder={[Function]}
          style={
            Object {
              "alignItems": "center",
              "alignSelf": "flex-end",
              "backgroundColor": "transparent",
              "borderColor": "transparent",
              "borderRadius": 4,
              "borderWidth": 1,
              "flexDirection": "row",
              "height": 36,
              "justifyContent": "center",
              "opacity": 1,
              "paddingHorizontal": 16,
            }
          }
        >
          <Text
            style={
              Object {
                "color": "hsl(0, 0%, 0%)",
                "fontSize": 14,
                "fontWeight": "600",
                "letterSpacing": 0.75,
                "opacity": 1,
                "textAlign": "center",
              }
            }
          >
            NOTHING
          </Text>
        </View>
        <View
          accessible={true}
          focusable={true}
          isTVSelectable={true}
          onClick={[Function]}
          onResponderGrant={[Function]}
          onResponderMove={[Function]}
          onResponderRelease={[Function]}
          onResponderTerminate={[Function]}
          onResponderTerminationRequest={[Function]}
          onStartShouldSetResponder={[Function]}
          style={
            Object {
              "alignItems": "center",
              "alignSelf": "flex-end",
              "backgroundColor": "transparent",
              "borderColor": "transparent",
              "borderRadius": 4,
              "borderWidth": 1,
              "flexDirection": "row",
              "height": 36,
              "justifyContent": "center",
              "opacity": 1,
              "paddingHorizontal": 16,
            }
          }
        >
          <Text
            style={
              Object {
                "color": "hsl(0, 0%, 0%)",
                "fontSize": 14,
                "fontWeight": "600",
                "letterSpacing": 0.75,
                "opacity": 1,
                "textAlign": "center",
              }
            }
          >
            TEXT
          </Text>
        </View>
        <View
          accessible={true}
          focusable={true}
          isTVSelectable={true}
          onClick={[Function]}
          onResponderGrant={[Function]}
          onResponderMove={[Function]}
          onResponderRelease={[Function]}
          onResponderTerminate={[Function]}
          onResponderTerminationRequest={[Function]}
          onStartShouldSetResponder={[Function]}
          style={
            Object {
              "alignItems": "center",
              "alignSelf": "flex-end",
              "backgroundColor": "hsl(0, 0%, 100%)",
              "borderColor": "hsl(210, 10%, 23%)",
              "borderRadius": 4,
              "borderWidth": 1,
              "flexDirection": "row",
              "height": 36,
              "justifyContent": "center",
              "opacity": 1,
              "paddingHorizontal": 16,
            }
          }
        >
          <Text
            style={
              Object {
                "color": "hsl(0, 0%, 0%)",
                "fontSize": 14,
                "fontWeight": "600",
                "letterSpacing": 0.75,
                "opacity": 1,
                "textAlign": "center",
              }
            }
          >
            OUTLINED
          </Text>
        </View>
        <View
          accessible={true}
          focusable={true}
          isTVSelectable={true}
          onClick={[Function]}
          onResponderGrant={[Function]}
          onResponderMove={[Function]}
          onResponderRelease={[Function]}
          onResponderTerminate={[Function]}
          onResponderTerminationRequest={[Function]}
          onStartShouldSetResponder={[Function]}
          style={
            Object {
              "alignItems": "center",
              "alignSelf": "flex-end",
              "backgroundColor": "hsl(0, 0%, 0%)",
              "borderColor": "transparent",
              "borderRadius": 4,
              "borderWidth": 1,
              "flexDirection": "row",
              "height": 36,
              "justifyContent": "center",
              "opacity": 1,
              "paddingHorizontal": 16,
            }
          }
        >
          <Text
            style={
              Object {
                "color": "hsl(0, 0%, 100%)",
                "fontSize": 14,
                "fontWeight": "600",
                "letterSpacing": 0.75,
                "opacity": 1,
                "textAlign": "center",
              }
            }
          >
            CONTAINED
          </Text>
        </View>
        <View
          accessible={true}
          focusable={true}
          isTVSelectable={true}
          onClick={[Function]}
          onResponderGrant={[Function]}
          onResponderMove={[Function]}
          onResponderRelease={[Function]}
          onResponderTerminate={[Function]}
          onResponderTerminationRequest={[Function]}
          onStartShouldSetResponder={[Function]}
          style={
            Object {
              "alignItems": "center",
              "backgroundColor": "transparent",
              "borderColor": "transparent",
              "borderRadius": 4,
              "borderWidth": 1,
              "flexDirection": "row",
              "height": 36,
              "justifyContent": "center",
              "opacity": 1,
              "paddingHorizontal": 16,
            }
          }
        >
          <Text
            style={
              Object {
                "color": "hsla(0, 0%, 0%, 0.38)",
                "fontSize": 14,
                "fontWeight": "600",
                "letterSpacing": 0.75,
                "opacity": 1,
                "textAlign": "center",
              }
            }
          >
            NOTHING
          </Text>
        </View>
        <View
          accessible={true}
          focusable={true}
          isTVSelectable={true}
          onClick={[Function]}
          onResponderGrant={[Function]}
          onResponderMove={[Function]}
          onResponderRelease={[Function]}
          onResponderTerminate={[Function]}
          onResponderTerminationRequest={[Function]}
          onStartShouldSetResponder={[Function]}
          style={
            Object {
              "alignItems": "center",
              "backgroundColor": "transparent",
              "borderColor": "transparent",
              "borderRadius": 4,
              "borderWidth": 1,
              "flexDirection": "row",
              "height": 36,
              "justifyContent": "center",
              "opacity": 1,
              "paddingHorizontal": 16,
            }
          }
        >
          <Text
            style={
              Object {
                "color": "hsla(0, 0%, 0%, 0.38)",
                "fontSize": 14,
                "fontWeight": "600",
                "letterSpacing": 0.75,
                "opacity": 1,
                "textAlign": "center",
              }
            }
          >
            TEXT
          </Text>
        </View>
        <View
          accessible={true}
          focusable={true}
          isTVSelectable={true}
          onClick={[Function]}
          onResponderGrant={[Function]}
          onResponderMove={[Function]}
          onResponderRelease={[Function]}
          onResponderTerminate={[Function]}
          onResponderTerminationRequest={[Function]}
          onStartShouldSetResponder={[Function]}
          style={
            Object {
              "alignItems": "center",
              "backgroundColor": "hsl(0, 0%, 100%)",
              "borderColor": "hsl(210, 10%, 23%)",
              "borderRadius": 4,
              "borderWidth": 1,
              "flexDirection": "row",
              "height": 36,
              "justifyContent": "center",
              "opacity": 1,
              "paddingHorizontal": 16,
            }
          }
        >
          <Text
            style={
              Object {
                "color": "hsla(0, 0%, 0%, 0.38)",
                "fontSize": 14,
                "fontWeight": "600",
                "letterSpacing": 0.75,
                "opacity": 1,
                "textAlign": "center",
              }
            }
          >
            OUTLINED
          </Text>
        </View>
        <View
          accessible={true}
          focusable={true}
          isTVSelectable={true}
          onClick={[Function]}
          onResponderGrant={[Function]}
          onResponderMove={[Function]}
          onResponderRelease={[Function]}
          onResponderTerminate={[Function]}
          onResponderTerminationRequest={[Function]}
          onStartShouldSetResponder={[Function]}
          style={
            Object {
              "alignItems": "center",
              "backgroundColor": "hsla(0, 0%, 0%, 0.38)",
              "borderColor": "transparent",
              "borderRadius": 4,
              "borderWidth": 1,
              "flexDirection": "row",
              "height": 36,
              "justifyContent": "center",
              "opacity": 1,
              "paddingHorizontal": 16,
            }
          }
        >
          <Text
            style={
              Object {
                "color": "hsla(0, 0%, 100%, 0.38)",
                "fontSize": 14,
                "fontWeight": "600",
                "letterSpacing": 0.75,
                "opacity": 1,
                "textAlign": "center",
              }
            }
          >
            CONTAINED
          </Text>
        </View>
        <View
          accessible={true}
          focusable={true}
          isTVSelectable={true}
          onClick={[Function]}
          onResponderGrant={[Function]}
          onResponderMove={[Function]}
          onResponderRelease={[Function]}
          onResponderTerminate={[Function]}
          onResponderTerminationRequest={[Function]}
          onStartShouldSetResponder={[Function]}
          style={
            Object {
              "alignItems": "center",
              "backgroundColor": "transparent",
              "borderColor": "transparent",
              "borderRadius": 4,
              "borderWidth": 1,
              "flexDirection": "row",
              "height": 36,
              "justifyContent": "center",
              "opacity": 1,
              "paddingHorizontal": 16,
              "width": "50%",
            }
          }
        >
          <View
            style={
              Array [
                Object {
                  "paddingRight": 2,
                },
                Array [
                  Object {
                    "color": "hsl(0, 0%, 0%)",
                  },
                  undefined,
                ],
              ]
            }
          >
            <Text
              allowFontScaling={false}
              style={
                Array [
                  Object {
                    "color": "hsl(0, 0%, 0%)",
                    "fontSize": 16,
                  },
                  Array [
                    undefined,
                    undefined,
                  ],
                  Object {
                    "fontFamily": "Material Design Icons",
                    "fontStyle": "normal",
                    "fontWeight": "normal",
                  },
                  Object {},
                ]
              }
            >
              
            </Text>
          </View>
          <Text
            style={
              Object {
                "color": "hsl(0, 0%, 0%)",
                "fontSize": 14,
                "fontWeight": "600",
                "letterSpacing": 0.75,
                "opacity": 1,
                "textAlign": "center",
              }
            }
          >
            NOTHING
          </Text>
        </View>
        <View
          accessible={true}
          focusable={true}
          isTVSelectable={true}
          onClick={[Function]}
          onResponderGrant={[Function]}
          onResponderMove={[Function]}
          onResponderRelease={[Function]}
          onResponderTerminate={[Function]}
          onResponderTerminationRequest={[Function]}
          onStartShouldSetResponder={[Function]}
          style={
            Object {
              "alignItems": "center",
              "backgroundColor": "transparent",
              "borderColor": "transparent",
              "borderRadius": 4,
              "borderWidth": 1,
              "flexDirection": "row",
              "height": 36,
              "justifyContent": "center",
              "opacity": 1,
              "paddingHorizontal": 16,
              "width": "50%",
            }
          }
        >
          <View
            style={
              Array [
                Object {
                  "paddingRight": 2,
                },
                Array [
                  Object {
                    "color": "hsl(0, 0%, 0%)",
                  },
                  undefined,
                ],
              ]
            }
          >
            <Text
              allowFontScaling={false}
              style={
                Array [
                  Object {
                    "color": "hsl(0, 0%, 0%)",
                    "fontSize": 16,
                  },
                  Array [
                    undefined,
                    undefined,
                  ],
                  Object {
                    "fontFamily": "Material Design Icons",
                    "fontStyle": "normal",
                    "fontWeight": "normal",
                  },
                  Object {},
                ]
              }
            >
              
            </Text>
          </View>
          <Text
            style={
              Object {
                "color": "hsl(0, 0%, 0%)",
                "fontSize": 14,
                "fontWeight": "600",
                "letterSpacing": 0.75,
                "opacity": 1,
                "textAlign": "center",
              }
            }
          >
            TEXT
          </Text>
        </View>
        <View
          accessible={true}
          focusable={true}
          isTVSelectable={true}
          onClick={[Function]}
          onResponderGrant={[Function]}
          onResponderMove={[Function]}
          onResponderRelease={[Function]}
          onResponderTerminate={[Function]}
          onResponderTerminationRequest={[Function]}
          onStartShouldSetResponder={[Function]}
          style={
            Object {
              "alignItems": "center",
              "backgroundColor": "hsl(0, 0%, 100%)",
              "borderColor": "hsl(210, 10%, 23%)",
              "borderRadius": 4,
              "borderWidth": 1,
              "flexDirection": "row",
              "height": 36,
              "justifyContent": "center",
              "opacity": 1,
              "paddingHorizontal": 16,
              "width": "50%",
            }
          }
        >
          <View
            style={
              Array [
                Object {
                  "paddingRight": 2,
                },
                Array [
                  Object {
                    "color": "hsl(0, 0%, 0%)",
                  },
                  undefined,
                ],
              ]
            }
          >
            <Text
              allowFontScaling={false}
              style={
                Array [
                  Object {
                    "color": "hsl(0, 0%, 0%)",
                    "fontSize": 16,
                  },
                  Array [
                    undefined,
                    undefined,
                  ],
                  Object {
                    "fontFamily": "Material Design Icons",
                    "fontStyle": "normal",
                    "fontWeight": "normal",
                  },
                  Object {},
                ]
              }
            >
              
            </Text>
          </View>
          <Text
            style={
              Object {
                "color": "hsl(0, 0%, 0%)",
                "fontSize": 14,
                "fontWeight": "600",
                "letterSpacing": 0.75,
                "opacity": 1,
                "textAlign": "center",
              }
            }
          >
            OUTLINED
          </Text>
        </View>
        <View
          accessible={true}
          focusable={true}
          isTVSelectable={true}
          onClick={[Function]}
          onResponderGrant={[Function]}
          onResponderMove={[Function]}
          onResponderRelease={[Function]}
          onResponderTerminate={[Function]}
          onResponderTerminationRequest={[Function]}
          onStartShouldSetResponder={[Function]}
          style={
            Object {
              "alignItems": "center",
              "backgroundColor": "hsl(0, 0%, 0%)",
              "borderColor": "transparent",
              "borderRadius": 4,
              "borderWidth": 1,
              "flexDirection": "row",
              "height": 36,
              "justifyContent": "center",
              "opacity": 1,
              "paddingHorizontal": 16,
              "width": "50%",
            }
          }
        >
          <View
            style={
              Array [
                Object {
                  "paddingRight": 2,
                },
                Array [
                  Object {
                    "color": "hsl(0, 0%, 100%)",
                  },
                  undefined,
                ],
              ]
            }
          >
            <Text
              allowFontScaling={false}
              style={
                Array [
                  Object {
                    "color": "hsl(0, 0%, 100%)",
                    "fontSize": 16,
                  },
                  Array [
                    undefined,
                    undefined,
                  ],
                  Object {
                    "fontFamily": "Material Design Icons",
                    "fontStyle": "normal",
                    "fontWeight": "normal",
                  },
                  Object {},
                ]
              }
            >
              
            </Text>
          </View>
          <Text
            style={
              Object {
                "color": "hsl(0, 0%, 100%)",
                "fontSize": 14,
                "fontWeight": "600",
                "letterSpacing": 0.75,
                "opacity": 1,
                "textAlign": "center",
              }
            }
          >
            CONTAINED
          </Text>
        </View>
        <View
          accessible={true}
          focusable={true}
          isTVSelectable={true}
          onClick={[Function]}
          onResponderGrant={[Function]}
          onResponderMove={[Function]}
          onResponderRelease={[Function]}
          onResponderTerminate={[Function]}
          onResponderTerminationRequest={[Function]}
          onStartShouldSetResponder={[Function]}
          style={
            Object {
              "alignItems": "center",
              "backgroundColor": "transparent",
              "borderColor": "transparent",
              "borderRadius": 4,
              "borderWidth": 1,
              "flexDirection": "row",
              "height": 36,
              "justifyContent": "center",
              "opacity": 1,
              "paddingHorizontal": 16,
            }
          }
        >
          <View
            style={
              Array [
                undefined,
                Array [
                  Object {
                    "color": "hsl(0, 0%, 0%)",
                  },
                  undefined,
                ],
              ]
            }
          >
            <Text
              allowFontScaling={false}
              style={
                Array [
                  Object {
                    "color": "hsl(0, 0%, 0%)",
                    "fontSize": 16,
                  },
                  Array [
                    undefined,
                    undefined,
                  ],
                  Object {
                    "fontFamily": "Material Design Icons",
                    "fontStyle": "normal",
                    "fontWeight": "normal",
                  },
                  Object {},
                ]
              }
            >
              
            </Text>
          </View>
        </View>
        <View
          accessible={true}
          focusable={true}
          isTVSelectable={true}
          onClick={[Function]}
          onResponderGrant={[Function]}
          onResponderMove={[Function]}
          onResponderRelease={[Function]}
          onResponderTerminate={[Function]}
          onResponderTerminationRequest={[Function]}
          onStartShouldSetResponder={[Function]}
          style={
            Object {
              "alignItems": "center",
              "backgroundColor": "transparent",
              "borderColor": "transparent",
              "borderRadius": 4,
              "borderWidth": 1,
              "flexDirection": "row",
              "height": 36,
              "justifyContent": "center",
              "opacity": 1,
              "paddingHorizontal": 16,
            }
          }
        >
          <View
            style={
              Array [
                undefined,
                Array [
                  Object {
                    "color": "hsl(0, 0%, 0%)",
                  },
                  undefined,
                ],
              ]
            }
          >
            <Text
              allowFontScaling={false}
              style={
                Array [
                  Object {
                    "color": "hsl(0, 0%, 0%)",
                    "fontSize": 16,
                  },
                  Array [
                    undefined,
                    undefined,
                  ],
                  Object {
                    "fontFamily": "Material Design Icons",
                    "fontStyle": "normal",
                    "fontWeight": "normal",
                  },
                  Object {},
                ]
              }
            >
              
            </Text>
          </View>
        </View>
        <View
          accessible={true}
          focusable={true}
          isTVSelectable={true}
          onClick={[Function]}
          onResponderGrant={[Function]}
          onResponderMove={[Function]}
          onResponderRelease={[Function]}
          onResponderTerminate={[Function]}
          onResponderTerminationRequest={[Function]}
          onStartShouldSetResponder={[Function]}
          style={
            Object {
              "alignItems": "center",
              "backgroundColor": "hsl(0, 0%, 100%)",
              "borderColor": "hsl(210, 10%, 23%)",
              "borderRadius": 4,
              "borderWidth": 1,
              "flexDirection": "row",
              "height": 36,
              "justifyContent": "center",
              "opacity": 1,
              "paddingHorizontal": 16,
            }
          }
        >
          <View
            style={
              Array [
                undefined,
                Array [
                  Object {
                    "color": "hsl(0, 0%, 0%)",
                  },
                  undefined,
                ],
              ]
            }
          >
            <Text
              allowFontScaling={false}
              style={
                Array [
                  Object {
                    "color": "hsl(0, 0%, 0%)",
                    "fontSize": 16,
                  },
                  Array [
                    undefined,
                    undefined,
                  ],
                  Object {
                    "fontFamily": "Material Design Icons",
                    "fontStyle": "normal",
                    "fontWeight": "normal",
                  },
                  Object {},
                ]
              }
            >
              
            </Text>
          </View>
        </View>
        <View
          accessible={true}
          focusable={true}
          isTVSelectable={true}
          onClick={[Function]}
          onResponderGrant={[Function]}
          onResponderMove={[Function]}
          onResponderRelease={[Function]}
          onResponderTerminate={[Function]}
          onResponderTerminationRequest={[Function]}
          onStartShouldSetResponder={[Function]}
          style={
            Object {
              "alignItems": "center",
              "backgroundColor": "hsl(0, 0%, 0%)",
              "borderColor": "transparent",
              "borderRadius": 4,
              "borderWidth": 1,
              "flexDirection": "row",
              "height": 36,
              "justifyContent": "center",
              "opacity": 1,
              "paddingHorizontal": 16,
            }
          }
        >
          <View
            style={
              Array [
                undefined,
                Array [
                  Object {
                    "color": "hsl(0, 0%, 100%)",
                  },
                  undefined,
                ],
              ]
            }
          >
            <Text
              allowFontScaling={false}
              style={
                Array [
                  Object {
                    "color": "hsl(0, 0%, 100%)",
                    "fontSize": 16,
                  },
                  Array [
                    undefined,
                    undefined,
                  ],
                  Object {
                    "fontFamily": "Material Design Icons",
                    "fontStyle": "normal",
                    "fontWeight": "normal",
                  },
                  Object {},
                ]
              }
            >
              
            </Text>
          </View>
        </View>
        <View
          accessible={true}
          focusable={true}
          isTVSelectable={true}
          onClick={[Function]}
          onResponderGrant={[Function]}
          onResponderMove={[Function]}
          onResponderRelease={[Function]}
          onResponderTerminate={[Function]}
          onResponderTerminationRequest={[Function]}
          onStartShouldSetResponder={[Function]}
          style={
            Object {
              "alignItems": "center",
              "alignSelf": "flex-start",
              "backgroundColor": "transparent",
              "borderColor": "transparent",
              "borderRadius": 32,
              "borderWidth": 1,
              "flexDirection": "row",
              "justifyContent": "center",
              "opacity": 1,
              "padding": 16,
              "paddingHorizontal": 16,
            }
          }
        >
          <View
            style={
              Array [
                undefined,
                Array [
                  Object {
                    "color": "hsl(0, 0%, 0%)",
                  },
                  undefined,
                ],
              ]
            }
          >
            <Text
              allowFontScaling={false}
              style={
                Array [
                  Object {
                    "color": "hsl(0, 0%, 0%)",
                    "fontSize": 16,
                  },
                  Array [
                    undefined,
                    undefined,
                  ],
                  Object {
                    "fontFamily": "Material Design Icons",
                    "fontStyle": "normal",
                    "fontWeight": "normal",
                  },
                  Object {},
                ]
              }
            >
              
            </Text>
          </View>
        </View>
        <View
          accessible={true}
          focusable={true}
          isTVSelectable={true}
          onClick={[Function]}
          onResponderGrant={[Function]}
          onResponderMove={[Function]}
          onResponderRelease={[Function]}
          onResponderTerminate={[Function]}
          onResponderTerminationRequest={[Function]}
          onStartShouldSetResponder={[Function]}
          style={
            Object {
              "alignItems": "center",
              "alignSelf": "flex-start",
              "backgroundColor": "transparent",
              "borderColor": "transparent",
              "borderRadius": 32,
              "borderWidth": 1,
              "flexDirection": "row",
              "justifyContent": "center",
              "opacity": 1,
              "padding": 16,
              "paddingHorizontal": 16,
            }
          }
        >
          <View
            style={
              Array [
                undefined,
                false,
              ]
            }
          >
            <Text
              allowFontScaling={false}
              style={
                Array [
                  Object {
                    "color": "red",
                    "fontSize": 16,
                  },
                  Array [
                    undefined,
                    undefined,
                  ],
                  Object {
                    "fontFamily": "Material Design Icons",
                    "fontStyle": "normal",
                    "fontWeight": "normal",
                  },
                  Object {},
                ]
              }
            >
              
            </Text>
          </View>
        </View>
        <View
          accessible={true}
          focusable={true}
          isTVSelectable={true}
          onClick={[Function]}
          onResponderGrant={[Function]}
          onResponderMove={[Function]}
          onResponderRelease={[Function]}
          onResponderTerminate={[Function]}
          onResponderTerminationRequest={[Function]}
          onStartShouldSetResponder={[Function]}
          style={
            Object {
              "alignItems": "center",
              "alignSelf": "flex-start",
              "backgroundColor": "transparent",
              "borderColor": "transparent",
              "borderRadius": 32,
              "borderWidth": 1,
              "flexDirection": "row",
              "justifyContent": "center",
              "opacity": 1,
              "padding": 16,
              "paddingHorizontal": 16,
            }
          }
        >
          <View
            style={
              Array [
                undefined,
                Array [
                  Object {
                    "color": "hsl(0, 0%, 0%)",
                  },
                  undefined,
                ],
              ]
            }
          >
            <Text
              allowFontScaling={false}
              style={
                Array [
                  Object {
                    "color": "hsl(0, 0%, 0%)",
                    "fontSize": 16,
                  },
                  Array [
                    undefined,
                    undefined,
                  ],
                  Object {
                    "fontFamily": "Material Design Icons",
                    "fontStyle": "normal",
                    "fontWeight": "normal",
                  },
                  Object {},
                ]
              }
            >
              
            </Text>
          </View>
        </View>
        <View
          accessible={true}
          focusable={true}
          isTVSelectable={true}
          onClick={[Function]}
          onResponderGrant={[Function]}
          onResponderMove={[Function]}
          onResponderRelease={[Function]}
          onResponderTerminate={[Function]}
          onResponderTerminationRequest={[Function]}
          onStartShouldSetResponder={[Function]}
          style={
            Object {
              "alignItems": "center",
              "alignSelf": "flex-start",
              "backgroundColor": "hsl(0, 0%, 100%)",
              "borderColor": "hsl(210, 10%, 23%)",
              "borderRadius": 32,
              "borderWidth": 1,
              "flexDirection": "row",
              "justifyContent": "center",
              "opacity": 1,
              "padding": 16,
              "paddingHorizontal": 16,
            }
          }
        >
          <View
            style={
              Array [
                undefined,
                Array [
                  Object {
                    "color": "hsl(0, 0%, 0%)",
                  },
                  undefined,
                ],
              ]
            }
          >
            <Text
              allowFontScaling={false}
              style={
                Array [
                  Object {
                    "color": "hsl(0, 0%, 0%)",
                    "fontSize": 16,
                  },
                  Array [
                    undefined,
                    undefined,
                  ],
                  Object {
                    "fontFamily": "Material Design Icons",
                    "fontStyle": "normal",
                    "fontWeight": "normal",
                  },
                  Object {},
                ]
              }
            >
              
            </Text>
          </View>
        </View>
        <View
          accessible={true}
          focusable={true}
          isTVSelectable={true}
          onClick={[Function]}
          onResponderGrant={[Function]}
          onResponderMove={[Function]}
          onResponderRelease={[Function]}
          onResponderTerminate={[Function]}
          onResponderTerminationRequest={[Function]}
          onStartShouldSetResponder={[Function]}
          style={
            Object {
              "alignItems": "center",
              "alignSelf": "flex-start",
              "backgroundColor": "hsl(0, 0%, 0%)",
              "borderColor": "transparent",
              "borderRadius": 32,
              "borderWidth": 1,
              "flexDirection": "row",
              "justifyContent": "center",
              "opacity": 1,
              "padding": 16,
              "paddingHorizontal": 16,
            }
          }
        >
          <View
            style={
              Array [
                undefined,
                Array [
                  Object {
                    "color": "hsl(0, 0%, 100%)",
                  },
                  undefined,
                ],
              ]
            }
          >
            <Text
              allowFontScaling={false}
              style={
                Array [
                  Object {
                    "color": "hsl(0, 0%, 100%)",
                    "fontSize": 16,
                  },
                  Array [
                    undefined,
                    undefined,
                  ],
                  Object {
                    "fontFamily": "Material Design Icons",
                    "fontStyle": "normal",
                    "fontWeight": "normal",
                  },
                  Object {},
                ]
              }
            >
              
            </Text>
          </View>
        </View>
      </View>
    </RCTScrollView>
  </View>
</RCTSafeAreaView>
`;
