// Jest Snapshot v1, https://goo.gl/fbAQLP

exports[`renders correctly 1`] = `
<RCTSafeAreaView
  emulateUnlessSupported={true}
  style={
    Array [
      Object {
        "backgroundColor": "hsl(0, 100%, 100%)",
        "flex": 1,
      },
      Object {
        "backgroundColor": "hsl(210, 17%, 98%)",
        "padding": 8,
      },
    ]
  }
>
  <View
    style={
      Object {
        "alignItems": "center",
        "flexDirection": "row",
        "justifyContent": "space-between",
      }
    }
  >
    <View
      accessible={true}
      isTVSelectable={true}
      onResponderGrant={[Function]}
      onResponderMove={[Function]}
      onResponderRelease={[Function]}
      onResponderTerminate={[Function]}
      onResponderTerminationRequest={[Function]}
      onStartShouldSetResponder={[Function]}
      style={
        Object {
          "flex": 1,
          "opacity": 1,
          "padding": 12,
        }
      }
    >
      <View
        style={
          Array [
            undefined,
            undefined,
          ]
        }
      >
        <Text
          allowFontScaling={false}
          style={
            Array [
              Object {
                "color": "hsl(210, 10%, 23%)",
                "fontSize": 24,
              },
              Array [
                undefined,
                undefined,
              ],
              Object {
                "fontFamily": "Material Design Icons",
                "fontStyle": "normal",
                "fontWeight": "normal",
              },
              Object {},
            ]
          }
        >
          
        </Text>
      </View>
    </View>
    <Text
      style={
        Array [
          Object {
            "fontSize": 30,
            "fontWeight": "100",
            "letterSpacing": -0.5,
          },
          undefined,
          undefined,
          Object {
            "flex": 2,
            "textAlign": "center",
          },
        ]
      }
    >
      Can't Hurt Me
    </Text>
    <View
      accessible={true}
      isTVSelectable={true}
      onResponderGrant={[Function]}
      onResponderMove={[Function]}
      onResponderRelease={[Function]}
      onResponderTerminate={[Function]}
      onResponderTerminationRequest={[Function]}
      onStartShouldSetResponder={[Function]}
      style={
        Object {
          "flex": 1,
          "opacity": 1,
          "padding": 12,
        }
      }
    />
  </View>
  <RCTScrollView
    automaticallyAdjustContentInsets={false}
    contentContainerStyle={
      Array [
        Object {
          "backgroundColor": "hsl(0, 100%, 100%)",
          "flex": 1,
        },
        Object {
          "backgroundColor": "hsl(210, 17%, 98%)",
          "padding": 8,
        },
      ]
    }
    contentInset={
      Object {
        "bottom": 0,
      }
    }
    enableAutomaticScroll={true}
    enableOnAndroid={false}
    enableResetScrollToCoords={true}
    extraHeight={75}
    extraScrollHeight={0}
    getScrollResponder={[Function]}
    handleOnScroll={[Function]}
    keyboardDismissMode="interactive"
    keyboardOpeningTime={250}
    keyboardShouldPersistTaps="handled"
    keyboardSpace={0}
    onScroll={[Function]}
    resetKeyboardSpace={[Function]}
    scrollEnabled={true}
    scrollEventThrottle={1}
    scrollForExtraHeightOnAndroid={[Function]}
    scrollIntoView={[Function]}
    scrollToEnd={[Function]}
    scrollToFocusedInput={[Function]}
    scrollToPosition={[Function]}
    showsVerticalScrollIndicator={true}
    update={[Function]}
    viewIsInsideTabBar={false}
  >
    <View>
      <Text
        style={
          Array [
            Object {
              "fontSize": 24,
              "fontWeight": "300",
              "letterSpacing": 0,
            },
            Object {
              "textAlign": "center",
            },
            undefined,
            Object {
              "padding": 16,
            },
          ]
        }
      >
        Progress
      </Text>
      <View
        style={
          Object {
            "backgroundColor": "hsl(0, 100%, 100%)",
            "elevation": 1,
            "margin": 8,
            "padding": 16,
            "shadowColor": "hsl(210, 10%, 23%)",
            "shadowOffset": Object {
              "height": 4,
              "width": 0,
            },
            "shadowOpacity": 0.5,
            "shadowRadius": 2,
          }
        }
      >
        <View
          style={
            Object {
              "flexDirection": "row",
              "justifyContent": "space-between",
            }
          }
        >
          <View
            style={
              Object {
                "alignItems": "center",
                "flexDirection": "row",
              }
            }
          >
            <Image
              resizeMode="contain"
              source={
                Object {
                  "testUri": "../../../src/assets/line-chart.png",
                }
              }
              style={
                Object {
                  "height": 50,
                  "width": 50,
                }
              }
            />
            <Text
              style={
                Array [
                  Object {
                    "fontSize": 14,
                    "fontWeight": "300",
                    "letterSpacing": 0.25,
                  },
                  undefined,
                  undefined,
                  undefined,
                ]
              }
            >
              email
            </Text>
          </View>
          <View
            accessible={true}
            isTVSelectable={true}
            onResponderGrant={[Function]}
            onResponderMove={[Function]}
            onResponderRelease={[Function]}
            onResponderTerminate={[Function]}
            onResponderTerminationRequest={[Function]}
            onStartShouldSetResponder={[Function]}
            style={
              Object {
                "alignItems": "center",
                "alignSelf": "center",
                "borderColor": "transparent",
                "borderRadius": 32,
                "borderWidth": 1,
                "flexDirection": "row",
                "justifyContent": "center",
                "opacity": 1,
                "padding": 16,
                "paddingHorizontal": 16,
              }
            }
          >
            <View
              style={
                Array [
                  undefined,
                  Array [
                    undefined,
                    Array [
                      Object {
                        "backgroundColor": "transparent",
                        "color": "hsl(211, 100%, 50%)",
                      },
                      Object {
                        "color": "hsl(0, 0%, 0%)",
                      },
                      undefined,
                      undefined,
                      undefined,
                      undefined,
                      undefined,
                    ],
                  ],
                ]
              }
            >
              <Text
                allowFontScaling={false}
                style={
                  Array [
                    Object {
                      "color": "hsl(210, 10%, 23%)",
                      "fontSize": 16,
                    },
                    Array [
                      undefined,
                      Array [
                        undefined,
                        Array [
                          Object {
                            "backgroundColor": "transparent",
                            "color": "hsl(211, 100%, 50%)",
                          },
                          Object {
                            "color": "hsl(0, 0%, 0%)",
                          },
                          undefined,
                          undefined,
                          undefined,
                          undefined,
                          undefined,
                        ],
                      ],
                    ],
                    Object {
                      "fontFamily": "Material Design Icons",
                      "fontStyle": "normal",
                      "fontWeight": "normal",
                    },
                    Object {},
                  ]
                }
              >
                
              </Text>
            </View>
          </View>
        </View>
        <RCTScrollView
          data={
            Array [
              Object {
                "date": "2019-05-15T04:58:32.709Z",
              },
              Object {
                "date": "2019-05-14T04:58:32.709Z",
              },
              Object {
                "date": "2019-05-13T04:58:32.709Z",
              },
              Object {
                "date": "2019-05-12T04:58:32.709Z",
              },
              Object {
                "date": "2019-05-11T04:58:32.709Z",
              },
              Object {
                "date": "2019-05-10T04:58:32.709Z",
              },
              Object {
                "date": "2019-05-09T04:58:32.709Z",
              },
              Object {
                "date": "2019-05-08T04:58:32.709Z",
              },
              Object {
                "date": "2019-05-07T04:58:32.709Z",
              },
              Object {
                "date": "2019-05-06T04:58:32.709Z",
              },
              Object {
                "date": "2019-05-05T04:58:32.709Z",
              },
              Object {
                "date": "2019-05-04T04:58:32.709Z",
              },
              Object {
                "date": "2019-05-03T04:58:32.709Z",
              },
              Object {
                "date": "2019-05-02T04:58:32.709Z",
              },
              Object {
                "date": "2019-05-01T04:58:32.709Z",
              },
              Object {
                "date": "2019-04-30T04:58:32.709Z",
              },
              Object {
                "date": "2019-04-29T04:58:32.709Z",
              },
              Object {
                "date": "2019-04-28T04:58:32.709Z",
              },
              Object {
                "date": "2019-04-27T04:58:32.709Z",
              },
              Object {
                "date": "2019-04-26T04:58:32.709Z",
              },
              Object {
                "date": "2019-04-25T04:58:32.709Z",
              },
              Object {
                "date": "2019-04-24T04:58:32.709Z",
              },
              Object {
                "date": "2019-04-23T04:58:32.709Z",
              },
            ]
          }
          disableVirtualization={false}
          getItem={[Function]}
          getItemCount={[Function]}
          horizontal={true}
          initialNumToRender={10}
          invertStickyHeaders={true}
          inverted={true}
          keyExtractor={[Function]}
          maxToRenderPerBatch={10}
          numColumns={1}
          onContentSizeChange={[Function]}
          onEndReachedThreshold={2}
          onLayout={[Function]}
          onMomentumScrollEnd={[Function]}
          onScroll={[Function]}
          onScrollBeginDrag={[Function]}
          onScrollEndDrag={[Function]}
          removeClippedSubviews={false}
          renderItem={[Function]}
          scrollEventThrottle={50}
          stickyHeaderIndices={Array []}
          style={
            Array [
              Object {
                "transform": Array [
                  Object {
                    "scaleX": -1,
                  },
                ],
              },
              undefined,
            ]
          }
          updateCellsBatchingPeriod={50}
          viewabilityConfigCallbackPairs={Array []}
          windowSize={21}
        >
          <View>
            <View
              onLayout={[Function]}
              style={
                Array [
                  Object {
                    "flexDirection": "row-reverse",
                  },
                  Object {
                    "transform": Array [
                      Object {
                        "scaleX": -1,
                      },
                    ],
                  },
                ]
              }
            >
              <View>
                <View
                  accessible={true}
                  isTVSelectable={true}
                  onResponderGrant={[Function]}
                  onResponderMove={[Function]}
                  onResponderRelease={[Function]}
                  onResponderTerminate={[Function]}
                  onResponderTerminationRequest={[Function]}
                  onStartShouldSetResponder={[Function]}
                  style={
                    Object {
                      "alignItems": "center",
                      "backgroundColor": "transparent",
                      "borderColor": "transparent",
                      "borderRadius": 4,
                      "borderWidth": 1,
                      "color": "hsl(211, 100%, 50%)",
                      "flexDirection": "row",
                      "height": 36,
                      "justifyContent": "center",
                      "opacity": 1,
                      "paddingHorizontal": 16,
                    }
                  }
                >
                  <View
                    style={
                      Array [
                        undefined,
                        Array [
                          undefined,
                          Array [
                            Object {
                              "backgroundColor": "transparent",
                              "color": "hsl(211, 100%, 50%)",
                            },
                            Object {
                              "color": "hsl(0, 0%, 0%)",
                            },
                            undefined,
                            undefined,
                            undefined,
                            undefined,
                            undefined,
                          ],
                        ],
                      ]
                    }
                  >
                    <Text
                      allowFontScaling={false}
                      style={
                        Array [
                          Object {
                            "color": "hsl(210, 10%, 23%)",
                            "fontSize": 16,
                          },
                          Array [
                            undefined,
                            Array [
                              undefined,
                              Array [
                                Object {
                                  "backgroundColor": "transparent",
                                  "color": "hsl(211, 100%, 50%)",
                                },
                                Object {
                                  "color": "hsl(0, 0%, 0%)",
                                },
                                undefined,
                                undefined,
                                undefined,
                                undefined,
                                undefined,
                              ],
                            ],
                          ],
                          Object {
                            "fontFamily": "Material Design Icons",
                            "fontStyle": "normal",
                            "fontWeight": "normal",
                          },
                          Object {},
                        ]
                      }
                    >
                      
                    </Text>
                  </View>
                </View>
                <View
                  style={
                    Object {
                      "borderTopColor": "hsl(0, 0%, 0%)",
                      "borderTopWidth": 2,
                      "margin": 4,
                      "width": 60,
                    }
                  }
                >
                  <Text
                    style={
                      Array [
                        Object {
                          "fontSize": 14,
                          "fontWeight": "300",
                          "letterSpacing": 0.25,
                        },
                        Object {
                          "textAlign": "center",
                        },
                        undefined,
                        undefined,
                      ]
                    }
                  >
                    May 14
                  </Text>
                </View>
              </View>
            </View>
            <View
              onLayout={[Function]}
              style={
                Array [
                  Object {
                    "flexDirection": "row-reverse",
                  },
                  Object {
                    "transform": Array [
                      Object {
                        "scaleX": -1,
                      },
                    ],
                  },
                ]
              }
            >
              <View>
                <View
                  accessible={true}
                  isTVSelectable={true}
                  onResponderGrant={[Function]}
                  onResponderMove={[Function]}
                  onResponderRelease={[Function]}
                  onResponderTerminate={[Function]}
                  onResponderTerminationRequest={[Function]}
                  onStartShouldSetResponder={[Function]}
                  style={
                    Object {
                      "alignItems": "center",
                      "backgroundColor": "transparent",
                      "borderColor": "transparent",
                      "borderRadius": 4,
                      "borderWidth": 1,
                      "color": "hsl(211, 100%, 50%)",
                      "flexDirection": "row",
                      "height": 36,
                      "justifyContent": "center",
                      "opacity": 1,
                      "paddingHorizontal": 16,
                    }
                  }
                >
                  <View
                    style={
                      Array [
                        undefined,
                        Array [
                          undefined,
                          Array [
                            Object {
                              "backgroundColor": "transparent",
                              "color": "hsl(211, 100%, 50%)",
                            },
                            Object {
                              "color": "hsl(0, 0%, 0%)",
                            },
                            undefined,
                            undefined,
                            undefined,
                            undefined,
                            undefined,
                          ],
                        ],
                      ]
                    }
                  >
                    <Text
                      allowFontScaling={false}
                      style={
                        Array [
                          Object {
                            "color": "hsl(210, 10%, 23%)",
                            "fontSize": 16,
                          },
                          Array [
                            undefined,
                            Array [
                              undefined,
                              Array [
                                Object {
                                  "backgroundColor": "transparent",
                                  "color": "hsl(211, 100%, 50%)",
                                },
                                Object {
                                  "color": "hsl(0, 0%, 0%)",
                                },
                                undefined,
                                undefined,
                                undefined,
                                undefined,
                                undefined,
                              ],
                            ],
                          ],
                          Object {
                            "fontFamily": "Material Design Icons",
                            "fontStyle": "normal",
                            "fontWeight": "normal",
                          },
                          Object {},
                        ]
                      }
                    >
                      
                    </Text>
                  </View>
                </View>
                <View
                  style={
                    Object {
                      "borderTopColor": "hsl(0, 0%, 0%)",
                      "borderTopWidth": 2,
                      "margin": 4,
                      "width": 60,
                    }
                  }
                >
                  <Text
                    style={
                      Array [
                        Object {
                          "fontSize": 14,
                          "fontWeight": "300",
                          "letterSpacing": 0.25,
                        },
                        Object {
                          "textAlign": "center",
                        },
                        undefined,
                        undefined,
                      ]
                    }
                  >
                    May 13
                  </Text>
                </View>
              </View>
            </View>
            <View
              onLayout={[Function]}
              style={
                Array [
                  Object {
                    "flexDirection": "row-reverse",
                  },
                  Object {
                    "transform": Array [
                      Object {
                        "scaleX": -1,
                      },
                    ],
                  },
                ]
              }
            >
              <View>
                <View
                  accessible={true}
                  isTVSelectable={true}
                  onResponderGrant={[Function]}
                  onResponderMove={[Function]}
                  onResponderRelease={[Function]}
                  onResponderTerminate={[Function]}
                  onResponderTerminationRequest={[Function]}
                  onStartShouldSetResponder={[Function]}
                  style={
                    Object {
                      "alignItems": "center",
                      "backgroundColor": "transparent",
                      "borderColor": "transparent",
                      "borderRadius": 4,
                      "borderWidth": 1,
                      "color": "hsl(211, 100%, 50%)",
                      "flexDirection": "row",
                      "height": 36,
                      "justifyContent": "center",
                      "opacity": 1,
                      "paddingHorizontal": 16,
                    }
                  }
                >
                  <View
                    style={
                      Array [
                        undefined,
                        Array [
                          undefined,
                          Array [
                            Object {
                              "backgroundColor": "transparent",
                              "color": "hsl(211, 100%, 50%)",
                            },
                            Object {
                              "color": "hsl(0, 0%, 0%)",
                            },
                            undefined,
                            undefined,
                            undefined,
                            undefined,
                            undefined,
                          ],
                        ],
                      ]
                    }
                  >
                    <Text
                      allowFontScaling={false}
                      style={
                        Array [
                          Object {
                            "color": "hsl(210, 10%, 23%)",
                            "fontSize": 16,
                          },
                          Array [
                            undefined,
                            Array [
                              undefined,
                              Array [
                                Object {
                                  "backgroundColor": "transparent",
                                  "color": "hsl(211, 100%, 50%)",
                                },
                                Object {
                                  "color": "hsl(0, 0%, 0%)",
                                },
                                undefined,
                                undefined,
                                undefined,
                                undefined,
                                undefined,
                              ],
                            ],
                          ],
                          Object {
                            "fontFamily": "Material Design Icons",
                            "fontStyle": "normal",
                            "fontWeight": "normal",
                          },
                          Object {},
                        ]
                      }
                    >
                      
                    </Text>
                  </View>
                </View>
                <View
                  style={
                    Object {
                      "borderTopColor": "hsl(0, 0%, 0%)",
                      "borderTopWidth": 2,
                      "margin": 4,
                      "width": 60,
                    }
                  }
                >
                  <Text
                    style={
                      Array [
                        Object {
                          "fontSize": 14,
                          "fontWeight": "300",
                          "letterSpacing": 0.25,
                        },
                        Object {
                          "textAlign": "center",
                        },
                        undefined,
                        undefined,
                      ]
                    }
                  >
                    May 12
                  </Text>
                </View>
              </View>
            </View>
            <View
              onLayout={[Function]}
              style={
                Array [
                  Object {
                    "flexDirection": "row-reverse",
                  },
                  Object {
                    "transform": Array [
                      Object {
                        "scaleX": -1,
                      },
                    ],
                  },
                ]
              }
            >
              <View>
                <View
                  accessible={true}
                  isTVSelectable={true}
                  onResponderGrant={[Function]}
                  onResponderMove={[Function]}
                  onResponderRelease={[Function]}
                  onResponderTerminate={[Function]}
                  onResponderTerminationRequest={[Function]}
                  onStartShouldSetResponder={[Function]}
                  style={
                    Object {
                      "alignItems": "center",
                      "backgroundColor": "transparent",
                      "borderColor": "transparent",
                      "borderRadius": 4,
                      "borderWidth": 1,
                      "color": "hsl(211, 100%, 50%)",
                      "flexDirection": "row",
                      "height": 36,
                      "justifyContent": "center",
                      "opacity": 1,
                      "paddingHorizontal": 16,
                    }
                  }
                >
                  <View
                    style={
                      Array [
                        undefined,
                        Array [
                          undefined,
                          Array [
                            Object {
                              "backgroundColor": "transparent",
                              "color": "hsl(211, 100%, 50%)",
                            },
                            Object {
                              "color": "hsl(0, 0%, 0%)",
                            },
                            undefined,
                            undefined,
                            undefined,
                            undefined,
                            undefined,
                          ],
                        ],
                      ]
                    }
                  >
                    <Text
                      allowFontScaling={false}
                      style={
                        Array [
                          Object {
                            "color": "hsl(210, 10%, 23%)",
                            "fontSize": 16,
                          },
                          Array [
                            undefined,
                            Array [
                              undefined,
                              Array [
                                Object {
                                  "backgroundColor": "transparent",
                                  "color": "hsl(211, 100%, 50%)",
                                },
                                Object {
                                  "color": "hsl(0, 0%, 0%)",
                                },
                                undefined,
                                undefined,
                                undefined,
                                undefined,
                                undefined,
                              ],
                            ],
                          ],
                          Object {
                            "fontFamily": "Material Design Icons",
                            "fontStyle": "normal",
                            "fontWeight": "normal",
                          },
                          Object {},
                        ]
                      }
                    >
                      
                    </Text>
                  </View>
                </View>
                <View
                  style={
                    Object {
                      "borderTopColor": "hsl(0, 0%, 0%)",
                      "borderTopWidth": 2,
                      "margin": 4,
                      "width": 60,
                    }
                  }
                >
                  <Text
                    style={
                      Array [
                        Object {
                          "fontSize": 14,
                          "fontWeight": "300",
                          "letterSpacing": 0.25,
                        },
                        Object {
                          "textAlign": "center",
                        },
                        undefined,
                        undefined,
                      ]
                    }
                  >
                    May 11
                  </Text>
                </View>
              </View>
            </View>
            <View
              onLayout={[Function]}
              style={
                Array [
                  Object {
                    "flexDirection": "row-reverse",
                  },
                  Object {
                    "transform": Array [
                      Object {
                        "scaleX": -1,
                      },
                    ],
                  },
                ]
              }
            >
              <View>
                <View
                  accessible={true}
                  isTVSelectable={true}
                  onResponderGrant={[Function]}
                  onResponderMove={[Function]}
                  onResponderRelease={[Function]}
                  onResponderTerminate={[Function]}
                  onResponderTerminationRequest={[Function]}
                  onStartShouldSetResponder={[Function]}
                  style={
                    Object {
                      "alignItems": "center",
                      "backgroundColor": "transparent",
                      "borderColor": "transparent",
                      "borderRadius": 4,
                      "borderWidth": 1,
                      "color": "hsl(211, 100%, 50%)",
                      "flexDirection": "row",
                      "height": 36,
                      "justifyContent": "center",
                      "opacity": 1,
                      "paddingHorizontal": 16,
                    }
                  }
                >
                  <View
                    style={
                      Array [
                        undefined,
                        Array [
                          undefined,
                          Array [
                            Object {
                              "backgroundColor": "transparent",
                              "color": "hsl(211, 100%, 50%)",
                            },
                            Object {
                              "color": "hsl(0, 0%, 0%)",
                            },
                            undefined,
                            undefined,
                            undefined,
                            undefined,
                            undefined,
                          ],
                        ],
                      ]
                    }
                  >
                    <Text
                      allowFontScaling={false}
                      style={
                        Array [
                          Object {
                            "color": "hsl(210, 10%, 23%)",
                            "fontSize": 16,
                          },
                          Array [
                            undefined,
                            Array [
                              undefined,
                              Array [
                                Object {
                                  "backgroundColor": "transparent",
                                  "color": "hsl(211, 100%, 50%)",
                                },
                                Object {
                                  "color": "hsl(0, 0%, 0%)",
                                },
                                undefined,
                                undefined,
                                undefined,
                                undefined,
                                undefined,
                              ],
                            ],
                          ],
                          Object {
                            "fontFamily": "Material Design Icons",
                            "fontStyle": "normal",
                            "fontWeight": "normal",
                          },
                          Object {},
                        ]
                      }
                    >
                      
                    </Text>
                  </View>
                </View>
                <View
                  style={
                    Object {
                      "borderTopColor": "hsl(0, 0%, 0%)",
                      "borderTopWidth": 2,
                      "margin": 4,
                      "width": 60,
                    }
                  }
                >
                  <Text
                    style={
                      Array [
                        Object {
                          "fontSize": 14,
                          "fontWeight": "300",
                          "letterSpacing": 0.25,
                        },
                        Object {
                          "textAlign": "center",
                        },
                        undefined,
                        undefined,
                      ]
                    }
                  >
                    May 10
                  </Text>
                </View>
              </View>
            </View>
            <View
              onLayout={[Function]}
              style={
                Array [
                  Object {
                    "flexDirection": "row-reverse",
                  },
                  Object {
                    "transform": Array [
                      Object {
                        "scaleX": -1,
                      },
                    ],
                  },
                ]
              }
            >
              <View>
                <View
                  accessible={true}
                  isTVSelectable={true}
                  onResponderGrant={[Function]}
                  onResponderMove={[Function]}
                  onResponderRelease={[Function]}
                  onResponderTerminate={[Function]}
                  onResponderTerminationRequest={[Function]}
                  onStartShouldSetResponder={[Function]}
                  style={
                    Object {
                      "alignItems": "center",
                      "backgroundColor": "transparent",
                      "borderColor": "transparent",
                      "borderRadius": 4,
                      "borderWidth": 1,
                      "color": "hsl(211, 100%, 50%)",
                      "flexDirection": "row",
                      "height": 36,
                      "justifyContent": "center",
                      "opacity": 1,
                      "paddingHorizontal": 16,
                    }
                  }
                >
                  <View
                    style={
                      Array [
                        undefined,
                        Array [
                          undefined,
                          Array [
                            Object {
                              "backgroundColor": "transparent",
                              "color": "hsl(211, 100%, 50%)",
                            },
                            Object {
                              "color": "hsl(0, 0%, 0%)",
                            },
                            undefined,
                            undefined,
                            undefined,
                            undefined,
                            undefined,
                          ],
                        ],
                      ]
                    }
                  >
                    <Text
                      allowFontScaling={false}
                      style={
                        Array [
                          Object {
                            "color": "hsl(210, 10%, 23%)",
                            "fontSize": 16,
                          },
                          Array [
                            undefined,
                            Array [
                              undefined,
                              Array [
                                Object {
                                  "backgroundColor": "transparent",
                                  "color": "hsl(211, 100%, 50%)",
                                },
                                Object {
                                  "color": "hsl(0, 0%, 0%)",
                                },
                                undefined,
                                undefined,
                                undefined,
                                undefined,
                                undefined,
                              ],
                            ],
                          ],
                          Object {
                            "fontFamily": "Material Design Icons",
                            "fontStyle": "normal",
                            "fontWeight": "normal",
                          },
                          Object {},
                        ]
                      }
                    >
                      
                    </Text>
                  </View>
                </View>
                <View
                  style={
                    Object {
                      "borderTopColor": "hsl(0, 0%, 0%)",
                      "borderTopWidth": 2,
                      "margin": 4,
                      "width": 60,
                    }
                  }
                >
                  <Text
                    style={
                      Array [
                        Object {
                          "fontSize": 14,
                          "fontWeight": "300",
                          "letterSpacing": 0.25,
                        },
                        Object {
                          "textAlign": "center",
                        },
                        undefined,
                        undefined,
                      ]
                    }
                  >
                    May 09
                  </Text>
                </View>
              </View>
            </View>
            <View
              onLayout={[Function]}
              style={
                Array [
                  Object {
                    "flexDirection": "row-reverse",
                  },
                  Object {
                    "transform": Array [
                      Object {
                        "scaleX": -1,
                      },
                    ],
                  },
                ]
              }
            >
              <View>
                <View
                  accessible={true}
                  isTVSelectable={true}
                  onResponderGrant={[Function]}
                  onResponderMove={[Function]}
                  onResponderRelease={[Function]}
                  onResponderTerminate={[Function]}
                  onResponderTerminationRequest={[Function]}
                  onStartShouldSetResponder={[Function]}
                  style={
                    Object {
                      "alignItems": "center",
                      "backgroundColor": "transparent",
                      "borderColor": "transparent",
                      "borderRadius": 4,
                      "borderWidth": 1,
                      "color": "hsl(211, 100%, 50%)",
                      "flexDirection": "row",
                      "height": 36,
                      "justifyContent": "center",
                      "opacity": 1,
                      "paddingHorizontal": 16,
                    }
                  }
                >
                  <View
                    style={
                      Array [
                        undefined,
                        Array [
                          undefined,
                          Array [
                            Object {
                              "backgroundColor": "transparent",
                              "color": "hsl(211, 100%, 50%)",
                            },
                            Object {
                              "color": "hsl(0, 0%, 0%)",
                            },
                            undefined,
                            undefined,
                            undefined,
                            undefined,
                            undefined,
                          ],
                        ],
                      ]
                    }
                  >
                    <Text
                      allowFontScaling={false}
                      style={
                        Array [
                          Object {
                            "color": "hsl(210, 10%, 23%)",
                            "fontSize": 16,
                          },
                          Array [
                            undefined,
                            Array [
                              undefined,
                              Array [
                                Object {
                                  "backgroundColor": "transparent",
                                  "color": "hsl(211, 100%, 50%)",
                                },
                                Object {
                                  "color": "hsl(0, 0%, 0%)",
                                },
                                undefined,
                                undefined,
                                undefined,
                                undefined,
                                undefined,
                              ],
                            ],
                          ],
                          Object {
                            "fontFamily": "Material Design Icons",
                            "fontStyle": "normal",
                            "fontWeight": "normal",
                          },
                          Object {},
                        ]
                      }
                    >
                      
                    </Text>
                  </View>
                </View>
                <View
                  style={
                    Object {
                      "borderTopColor": "hsl(0, 0%, 0%)",
                      "borderTopWidth": 2,
                      "margin": 4,
                      "width": 60,
                    }
                  }
                >
                  <Text
                    style={
                      Array [
                        Object {
                          "fontSize": 14,
                          "fontWeight": "300",
                          "letterSpacing": 0.25,
                        },
                        Object {
                          "textAlign": "center",
                        },
                        undefined,
                        undefined,
                      ]
                    }
                  >
                    May 08
                  </Text>
                </View>
              </View>
            </View>
            <View
              onLayout={[Function]}
              style={
                Array [
                  Object {
                    "flexDirection": "row-reverse",
                  },
                  Object {
                    "transform": Array [
                      Object {
                        "scaleX": -1,
                      },
                    ],
                  },
                ]
              }
            >
              <View>
                <View
                  accessible={true}
                  isTVSelectable={true}
                  onResponderGrant={[Function]}
                  onResponderMove={[Function]}
                  onResponderRelease={[Function]}
                  onResponderTerminate={[Function]}
                  onResponderTerminationRequest={[Function]}
                  onStartShouldSetResponder={[Function]}
                  style={
                    Object {
                      "alignItems": "center",
                      "backgroundColor": "transparent",
                      "borderColor": "transparent",
                      "borderRadius": 4,
                      "borderWidth": 1,
                      "color": "hsl(211, 100%, 50%)",
                      "flexDirection": "row",
                      "height": 36,
                      "justifyContent": "center",
                      "opacity": 1,
                      "paddingHorizontal": 16,
                    }
                  }
                >
                  <View
                    style={
                      Array [
                        undefined,
                        Array [
                          undefined,
                          Array [
                            Object {
                              "backgroundColor": "transparent",
                              "color": "hsl(211, 100%, 50%)",
                            },
                            Object {
                              "color": "hsl(0, 0%, 0%)",
                            },
                            undefined,
                            undefined,
                            undefined,
                            undefined,
                            undefined,
                          ],
                        ],
                      ]
                    }
                  >
                    <Text
                      allowFontScaling={false}
                      style={
                        Array [
                          Object {
                            "color": "hsl(210, 10%, 23%)",
                            "fontSize": 16,
                          },
                          Array [
                            undefined,
                            Array [
                              undefined,
                              Array [
                                Object {
                                  "backgroundColor": "transparent",
                                  "color": "hsl(211, 100%, 50%)",
                                },
                                Object {
                                  "color": "hsl(0, 0%, 0%)",
                                },
                                undefined,
                                undefined,
                                undefined,
                                undefined,
                                undefined,
                              ],
                            ],
                          ],
                          Object {
                            "fontFamily": "Material Design Icons",
                            "fontStyle": "normal",
                            "fontWeight": "normal",
                          },
                          Object {},
                        ]
                      }
                    >
                      
                    </Text>
                  </View>
                </View>
                <View
                  style={
                    Object {
                      "borderTopColor": "hsl(0, 0%, 0%)",
                      "borderTopWidth": 2,
                      "margin": 4,
                      "width": 60,
                    }
                  }
                >
                  <Text
                    style={
                      Array [
                        Object {
                          "fontSize": 14,
                          "fontWeight": "300",
                          "letterSpacing": 0.25,
                        },
                        Object {
                          "textAlign": "center",
                        },
                        undefined,
                        undefined,
                      ]
                    }
                  >
                    May 07
                  </Text>
                </View>
              </View>
            </View>
            <View
              onLayout={[Function]}
              style={
                Array [
                  Object {
                    "flexDirection": "row-reverse",
                  },
                  Object {
                    "transform": Array [
                      Object {
                        "scaleX": -1,
                      },
                    ],
                  },
                ]
              }
            >
              <View>
                <View
                  accessible={true}
                  isTVSelectable={true}
                  onResponderGrant={[Function]}
                  onResponderMove={[Function]}
                  onResponderRelease={[Function]}
                  onResponderTerminate={[Function]}
                  onResponderTerminationRequest={[Function]}
                  onStartShouldSetResponder={[Function]}
                  style={
                    Object {
                      "alignItems": "center",
                      "backgroundColor": "transparent",
                      "borderColor": "transparent",
                      "borderRadius": 4,
                      "borderWidth": 1,
                      "color": "hsl(211, 100%, 50%)",
                      "flexDirection": "row",
                      "height": 36,
                      "justifyContent": "center",
                      "opacity": 1,
                      "paddingHorizontal": 16,
                    }
                  }
                >
                  <View
                    style={
                      Array [
                        undefined,
                        Array [
                          undefined,
                          Array [
                            Object {
                              "backgroundColor": "transparent",
                              "color": "hsl(211, 100%, 50%)",
                            },
                            Object {
                              "color": "hsl(0, 0%, 0%)",
                            },
                            undefined,
                            undefined,
                            undefined,
                            undefined,
                            undefined,
                          ],
                        ],
                      ]
                    }
                  >
                    <Text
                      allowFontScaling={false}
                      style={
                        Array [
                          Object {
                            "color": "hsl(210, 10%, 23%)",
                            "fontSize": 16,
                          },
                          Array [
                            undefined,
                            Array [
                              undefined,
                              Array [
                                Object {
                                  "backgroundColor": "transparent",
                                  "color": "hsl(211, 100%, 50%)",
                                },
                                Object {
                                  "color": "hsl(0, 0%, 0%)",
                                },
                                undefined,
                                undefined,
                                undefined,
                                undefined,
                                undefined,
                              ],
                            ],
                          ],
                          Object {
                            "fontFamily": "Material Design Icons",
                            "fontStyle": "normal",
                            "fontWeight": "normal",
                          },
                          Object {},
                        ]
                      }
                    >
                      
                    </Text>
                  </View>
                </View>
                <View
                  style={
                    Object {
                      "borderTopColor": "hsl(0, 0%, 0%)",
                      "borderTopWidth": 2,
                      "margin": 4,
                      "width": 60,
                    }
                  }
                >
                  <Text
                    style={
                      Array [
                        Object {
                          "fontSize": 14,
                          "fontWeight": "300",
                          "letterSpacing": 0.25,
                        },
                        Object {
                          "textAlign": "center",
                        },
                        undefined,
                        undefined,
                      ]
                    }
                  >
                    May 06
                  </Text>
                </View>
              </View>
            </View>
            <View
              onLayout={[Function]}
              style={
                Array [
                  Object {
                    "flexDirection": "row-reverse",
                  },
                  Object {
                    "transform": Array [
                      Object {
                        "scaleX": -1,
                      },
                    ],
                  },
                ]
              }
            >
              <View>
                <View
                  accessible={true}
                  isTVSelectable={true}
                  onResponderGrant={[Function]}
                  onResponderMove={[Function]}
                  onResponderRelease={[Function]}
                  onResponderTerminate={[Function]}
                  onResponderTerminationRequest={[Function]}
                  onStartShouldSetResponder={[Function]}
                  style={
                    Object {
                      "alignItems": "center",
                      "backgroundColor": "transparent",
                      "borderColor": "transparent",
                      "borderRadius": 4,
                      "borderWidth": 1,
                      "color": "hsl(211, 100%, 50%)",
                      "flexDirection": "row",
                      "height": 36,
                      "justifyContent": "center",
                      "opacity": 1,
                      "paddingHorizontal": 16,
                    }
                  }
                >
                  <View
                    style={
                      Array [
                        undefined,
                        Array [
                          undefined,
                          Array [
                            Object {
                              "backgroundColor": "transparent",
                              "color": "hsl(211, 100%, 50%)",
                            },
                            Object {
                              "color": "hsl(0, 0%, 0%)",
                            },
                            undefined,
                            undefined,
                            undefined,
                            undefined,
                            undefined,
                          ],
                        ],
                      ]
                    }
                  >
                    <Text
                      allowFontScaling={false}
                      style={
                        Array [
                          Object {
                            "color": "hsl(210, 10%, 23%)",
                            "fontSize": 16,
                          },
                          Array [
                            undefined,
                            Array [
                              undefined,
                              Array [
                                Object {
                                  "backgroundColor": "transparent",
                                  "color": "hsl(211, 100%, 50%)",
                                },
                                Object {
                                  "color": "hsl(0, 0%, 0%)",
                                },
                                undefined,
                                undefined,
                                undefined,
                                undefined,
                                undefined,
                              ],
                            ],
                          ],
                          Object {
                            "fontFamily": "Material Design Icons",
                            "fontStyle": "normal",
                            "fontWeight": "normal",
                          },
                          Object {},
                        ]
                      }
                    >
                      
                    </Text>
                  </View>
                </View>
                <View
                  style={
                    Object {
                      "borderTopColor": "hsl(0, 0%, 0%)",
                      "borderTopWidth": 2,
                      "margin": 4,
                      "width": 60,
                    }
                  }
                >
                  <Text
                    style={
                      Array [
                        Object {
                          "fontSize": 14,
                          "fontWeight": "300",
                          "letterSpacing": 0.25,
                        },
                        Object {
                          "textAlign": "center",
                        },
                        undefined,
                        undefined,
                      ]
                    }
                  >
                    May 05
                  </Text>
                </View>
              </View>
            </View>
            <View
              style={
                Object {
                  "width": 0,
                }
              }
            />
          </View>
        </RCTScrollView>
      </View>
      <Text
        style={
          Array [
            Object {
              "fontSize": 24,
              "fontWeight": "300",
              "letterSpacing": 0,
            },
            Object {
              "textAlign": "center",
            },
            undefined,
            Object {
              "padding": 16,
            },
          ]
        }
      >
        Challenges
      </Text>
      <RCTScrollView
        ListFooterComponent={[Function]}
        data={
          Array [
            "25800acd-4a54-45e9-a25d-b1afc67597ad",
            "553c1ff9-c2ef-4ef9-9d6f-2c74c432594e",
            "17ac2a5c-bbb3-4a5b-b8d9-89c9c883f178",
            "5fb41268-b76b-4b19-9f98-1dc933480c57",
            "20b0d913-3395-49d7-a271-75427c5195f2",
            "f6c5d1e9-2e3c-41a3-811a-385b644f8e10",
            "bebed7b8-138b-46b8-b4e6-51ef14fc774d",
            "201b9c25-525d-4e9c-a7f3-25343fe07908",
            "f78e1fe7-d1d3-4402-8722-b1b37aa5a8bb",
            "f634e684-798a-4191-9596-fa21b98ccb48",
          ]
        }
        disableVirtualization={false}
        getItem={[Function]}
        getItemCount={[Function]}
        horizontal={false}
        initialNumToRender={10}
        keyExtractor={[Function]}
        maxToRenderPerBatch={10}
        numColumns={2}
        onContentSizeChange={[Function]}
        onEndReachedThreshold={2}
        onLayout={[Function]}
        onMomentumScrollEnd={[Function]}
        onScroll={[Function]}
        onScrollBeginDrag={[Function]}
        onScrollEndDrag={[Function]}
        removeClippedSubviews={false}
        renderItem={[Function]}
        scrollEventThrottle={50}
        stickyHeaderIndices={Array []}
        updateCellsBatchingPeriod={50}
        viewabilityConfigCallbackPairs={Array []}
        windowSize={21}
      >
        <View>
          <View
            onLayout={[Function]}
            style={null}
          >
            <View
              style={
                Object {
                  "flexDirection": "row",
                }
              }
            >
              <View
                accessible={true}
                isTVSelectable={true}
                onResponderGrant={[Function]}
                onResponderMove={[Function]}
                onResponderRelease={[Function]}
                onResponderTerminate={[Function]}
                onResponderTerminationRequest={[Function]}
                onStartShouldSetResponder={[Function]}
                style={
                  Object {
                    "backgroundColor": "hsl(0, 100%, 100%)",
                    "elevation": 1,
                    "flex": 1,
                    "margin": 8,
                    "opacity": 1,
                    "padding": 16,
                    "shadowColor": "hsl(210, 10%, 23%)",
                    "shadowOffset": Object {
                      "height": 4,
                      "width": 0,
                    },
                    "shadowOpacity": 0.5,
                    "shadowRadius": 2,
                  }
                }
              >
                <Text
                  style={
                    Array [
                      Object {
                        "fontSize": 17,
                        "fontWeight": "300",
                        "letterSpacing": 0.25,
                      },
                      Object {
                        "textAlign": "center",
                      },
                      Object {
                        "fontWeight": "600",
                      },
                      Object {
                        "paddingBottom": 16,
                      },
                    ]
                  }
                >
                  Challenge #1
                </Text>
                <Text
                  style={
                    Array [
                      Object {
                        "fontSize": 14,
                        "fontWeight": "300",
                        "letterSpacing": 0.25,
                      },
                      Object {
                        "textAlign": "center",
                      },
                      undefined,
                      undefined,
                    ]
                  }
                >
                  Inventory of Excuses
                </Text>
              </View>
              <View
                accessible={true}
                isTVSelectable={true}
                onResponderGrant={[Function]}
                onResponderMove={[Function]}
                onResponderRelease={[Function]}
                onResponderTerminate={[Function]}
                onResponderTerminationRequest={[Function]}
                onStartShouldSetResponder={[Function]}
                style={
                  Object {
                    "backgroundColor": "hsl(0, 100%, 100%)",
                    "elevation": 1,
                    "flex": 1,
                    "margin": 8,
                    "opacity": 1,
                    "padding": 16,
                    "shadowColor": "hsl(210, 10%, 23%)",
                    "shadowOffset": Object {
                      "height": 4,
                      "width": 0,
                    },
                    "shadowOpacity": 0.5,
                    "shadowRadius": 2,
                  }
                }
              >
                <Text
                  style={
                    Array [
                      Object {
                        "fontSize": 17,
                        "fontWeight": "300",
                        "letterSpacing": 0.25,
                      },
                      Object {
                        "textAlign": "center",
                      },
                      Object {
                        "fontWeight": "600",
                      },
                      Object {
                        "paddingBottom": 16,
                      },
                    ]
                  }
                >
                  Challenge #2
                </Text>
                <Text
                  style={
                    Array [
                      Object {
                        "fontSize": 14,
                        "fontWeight": "300",
                        "letterSpacing": 0.25,
                      },
                      Object {
                        "textAlign": "center",
                      },
                      undefined,
                      undefined,
                    ]
                  }
                >
                   Accountability Mirror
                </Text>
              </View>
            </View>
          </View>
          <View
            onLayout={[Function]}
            style={null}
          >
            <View
              style={
                Object {
                  "flexDirection": "row",
                }
              }
            >
              <View
                accessible={true}
                isTVSelectable={true}
                onResponderGrant={[Function]}
                onResponderMove={[Function]}
                onResponderRelease={[Function]}
                onResponderTerminate={[Function]}
                onResponderTerminationRequest={[Function]}
                onStartShouldSetResponder={[Function]}
                style={
                  Object {
                    "backgroundColor": "hsl(0, 100%, 100%)",
                    "elevation": 1,
                    "flex": 1,
                    "margin": 8,
                    "opacity": 1,
                    "padding": 16,
                    "shadowColor": "hsl(210, 10%, 23%)",
                    "shadowOffset": Object {
                      "height": 4,
                      "width": 0,
                    },
                    "shadowOpacity": 0.5,
                    "shadowRadius": 2,
                  }
                }
              >
                <Text
                  style={
                    Array [
                      Object {
                        "fontSize": 17,
                        "fontWeight": "300",
                        "letterSpacing": 0.25,
                      },
                      Object {
                        "textAlign": "center",
                      },
                      Object {
                        "fontWeight": "600",
                      },
                      Object {
                        "paddingBottom": 16,
                      },
                    ]
                  }
                >
                  Challenge #3
                </Text>
                <Text
                  style={
                    Array [
                      Object {
                        "fontSize": 14,
                        "fontWeight": "300",
                        "letterSpacing": 0.25,
                      },
                      Object {
                        "textAlign": "center",
                      },
                      undefined,
                      undefined,
                    ]
                  }
                >
                  Step Outside Your Comfort Zone
                </Text>
              </View>
              <View
                accessible={true}
                isTVSelectable={true}
                onResponderGrant={[Function]}
                onResponderMove={[Function]}
                onResponderRelease={[Function]}
                onResponderTerminate={[Function]}
                onResponderTerminationRequest={[Function]}
                onStartShouldSetResponder={[Function]}
                style={
                  Object {
                    "backgroundColor": "hsl(0, 100%, 100%)",
                    "elevation": 1,
                    "flex": 1,
                    "margin": 8,
                    "opacity": 1,
                    "padding": 16,
                    "shadowColor": "hsl(210, 10%, 23%)",
                    "shadowOffset": Object {
                      "height": 4,
                      "width": 0,
                    },
                    "shadowOpacity": 0.5,
                    "shadowRadius": 2,
                  }
                }
              >
                <Text
                  style={
                    Array [
                      Object {
                        "fontSize": 17,
                        "fontWeight": "300",
                        "letterSpacing": 0.25,
                      },
                      Object {
                        "textAlign": "center",
                      },
                      Object {
                        "fontWeight": "600",
                      },
                      Object {
                        "paddingBottom": 16,
                      },
                    ]
                  }
                >
                  Challenge #4
                </Text>
                <Text
                  style={
                    Array [
                      Object {
                        "fontSize": 14,
                        "fontWeight": "300",
                        "letterSpacing": 0.25,
                      },
                      Object {
                        "textAlign": "center",
                      },
                      undefined,
                      undefined,
                    ]
                  }
                >
                  Taking Souls
                </Text>
              </View>
            </View>
          </View>
          <View
            onLayout={[Function]}
            style={null}
          >
            <View
              style={
                Object {
                  "flexDirection": "row",
                }
              }
            >
              <View
                accessible={true}
                isTVSelectable={true}
                onResponderGrant={[Function]}
                onResponderMove={[Function]}
                onResponderRelease={[Function]}
                onResponderTerminate={[Function]}
                onResponderTerminationRequest={[Function]}
                onStartShouldSetResponder={[Function]}
                style={
                  Object {
                    "backgroundColor": "hsl(0, 100%, 100%)",
                    "elevation": 1,
                    "flex": 1,
                    "margin": 8,
                    "opacity": 1,
                    "padding": 16,
                    "shadowColor": "hsl(210, 10%, 23%)",
                    "shadowOffset": Object {
                      "height": 4,
                      "width": 0,
                    },
                    "shadowOpacity": 0.5,
                    "shadowRadius": 2,
                  }
                }
              >
                <Text
                  style={
                    Array [
                      Object {
                        "fontSize": 17,
                        "fontWeight": "300",
                        "letterSpacing": 0.25,
                      },
                      Object {
                        "textAlign": "center",
                      },
                      Object {
                        "fontWeight": "600",
                      },
                      Object {
                        "paddingBottom": 16,
                      },
                    ]
                  }
                >
                  Challenge #5
                </Text>
                <Text
                  style={
                    Array [
                      Object {
                        "fontSize": 14,
                        "fontWeight": "300",
                        "letterSpacing": 0.25,
                      },
                      Object {
                        "textAlign": "center",
                      },
                      undefined,
                      undefined,
                    ]
                  }
                >
                  Visualize Your Goals
                </Text>
              </View>
              <View
                accessible={true}
                isTVSelectable={true}
                onResponderGrant={[Function]}
                onResponderMove={[Function]}
                onResponderRelease={[Function]}
                onResponderTerminate={[Function]}
                onResponderTerminationRequest={[Function]}
                onStartShouldSetResponder={[Function]}
                style={
                  Object {
                    "backgroundColor": "hsl(0, 100%, 100%)",
                    "elevation": 1,
                    "flex": 1,
                    "margin": 8,
                    "opacity": 1,
                    "padding": 16,
                    "shadowColor": "hsl(210, 10%, 23%)",
                    "shadowOffset": Object {
                      "height": 4,
                      "width": 0,
                    },
                    "shadowOpacity": 0.5,
                    "shadowRadius": 2,
                  }
                }
              >
                <Text
                  style={
                    Array [
                      Object {
                        "fontSize": 17,
                        "fontWeight": "300",
                        "letterSpacing": 0.25,
                      },
                      Object {
                        "textAlign": "center",
                      },
                      Object {
                        "fontWeight": "600",
                      },
                      Object {
                        "paddingBottom": 16,
                      },
                    ]
                  }
                >
                  Challenge #6
                </Text>
                <Text
                  style={
                    Array [
                      Object {
                        "fontSize": 14,
                        "fontWeight": "300",
                        "letterSpacing": 0.25,
                      },
                      Object {
                        "textAlign": "center",
                      },
                      undefined,
                      undefined,
                    ]
                  }
                >
                  The Cookie Jar
                </Text>
              </View>
            </View>
          </View>
          <View
            onLayout={[Function]}
            style={null}
          >
            <View
              style={
                Object {
                  "flexDirection": "row",
                }
              }
            >
              <View
                accessible={true}
                isTVSelectable={true}
                onResponderGrant={[Function]}
                onResponderMove={[Function]}
                onResponderRelease={[Function]}
                onResponderTerminate={[Function]}
                onResponderTerminationRequest={[Function]}
                onStartShouldSetResponder={[Function]}
                style={
                  Object {
                    "backgroundColor": "hsl(0, 100%, 100%)",
                    "elevation": 1,
                    "flex": 1,
                    "margin": 8,
                    "opacity": 1,
                    "padding": 16,
                    "shadowColor": "hsl(210, 10%, 23%)",
                    "shadowOffset": Object {
                      "height": 4,
                      "width": 0,
                    },
                    "shadowOpacity": 0.5,
                    "shadowRadius": 2,
                  }
                }
              >
                <Text
                  style={
                    Array [
                      Object {
                        "fontSize": 17,
                        "fontWeight": "300",
                        "letterSpacing": 0.25,
                      },
                      Object {
                        "textAlign": "center",
                      },
                      Object {
                        "fontWeight": "600",
                      },
                      Object {
                        "paddingBottom": 16,
                      },
                    ]
                  }
                >
                  Challenge #7
                </Text>
                <Text
                  style={
                    Array [
                      Object {
                        "fontSize": 14,
                        "fontWeight": "300",
                        "letterSpacing": 0.25,
                      },
                      Object {
                        "textAlign": "center",
                      },
                      undefined,
                      undefined,
                    ]
                  }
                >
                  Remove the Governor
                </Text>
              </View>
              <View
                accessible={true}
                isTVSelectable={true}
                onResponderGrant={[Function]}
                onResponderMove={[Function]}
                onResponderRelease={[Function]}
                onResponderTerminate={[Function]}
                onResponderTerminationRequest={[Function]}
                onStartShouldSetResponder={[Function]}
                style={
                  Object {
                    "backgroundColor": "hsl(0, 100%, 100%)",
                    "elevation": 1,
                    "flex": 1,
                    "margin": 8,
                    "opacity": 1,
                    "padding": 16,
                    "shadowColor": "hsl(210, 10%, 23%)",
                    "shadowOffset": Object {
                      "height": 4,
                      "width": 0,
                    },
                    "shadowOpacity": 0.5,
                    "shadowRadius": 2,
                  }
                }
              >
                <Text
                  style={
                    Array [
                      Object {
                        "fontSize": 17,
                        "fontWeight": "300",
                        "letterSpacing": 0.25,
                      },
                      Object {
                        "textAlign": "center",
                      },
                      Object {
                        "fontWeight": "600",
                      },
                      Object {
                        "paddingBottom": 16,
                      },
                    ]
                  }
                >
                  Challenge #8
                </Text>
                <Text
                  style={
                    Array [
                      Object {
                        "fontSize": 14,
                        "fontWeight": "300",
                        "letterSpacing": 0.25,
                      },
                      Object {
                        "textAlign": "center",
                      },
                      undefined,
                      undefined,
                    ]
                  }
                >
                  Scheduling
                </Text>
              </View>
            </View>
          </View>
          <View
            onLayout={[Function]}
            style={null}
          >
            <View
              style={
                Object {
                  "flexDirection": "row",
                }
              }
            >
              <View
                accessible={true}
                isTVSelectable={true}
                onResponderGrant={[Function]}
                onResponderMove={[Function]}
                onResponderRelease={[Function]}
                onResponderTerminate={[Function]}
                onResponderTerminationRequest={[Function]}
                onStartShouldSetResponder={[Function]}
                style={
                  Object {
                    "backgroundColor": "hsl(0, 100%, 100%)",
                    "elevation": 1,
                    "flex": 1,
                    "margin": 8,
                    "opacity": 1,
                    "padding": 16,
                    "shadowColor": "hsl(210, 10%, 23%)",
                    "shadowOffset": Object {
                      "height": 4,
                      "width": 0,
                    },
                    "shadowOpacity": 0.5,
                    "shadowRadius": 2,
                  }
                }
              >
                <Text
                  style={
                    Array [
                      Object {
                        "fontSize": 17,
                        "fontWeight": "300",
                        "letterSpacing": 0.25,
                      },
                      Object {
                        "textAlign": "center",
                      },
                      Object {
                        "fontWeight": "600",
                      },
                      Object {
                        "paddingBottom": 16,
                      },
                    ]
                  }
                >
                  Challenge #9
                </Text>
                <Text
                  style={
                    Array [
                      Object {
                        "fontSize": 14,
                        "fontWeight": "300",
                        "letterSpacing": 0.25,
                      },
                      Object {
                        "textAlign": "center",
                      },
                      undefined,
                      undefined,
                    ]
                  }
                >
                  Be Uncommon Amongst Uncommon
                </Text>
              </View>
              <View
                accessible={true}
                isTVSelectable={true}
                onResponderGrant={[Function]}
                onResponderMove={[Function]}
                onResponderRelease={[Function]}
                onResponderTerminate={[Function]}
                onResponderTerminationRequest={[Function]}
                onStartShouldSetResponder={[Function]}
                style={
                  Object {
                    "backgroundColor": "hsl(0, 100%, 100%)",
                    "elevation": 1,
                    "flex": 1,
                    "margin": 8,
                    "opacity": 1,
                    "padding": 16,
                    "shadowColor": "hsl(210, 10%, 23%)",
                    "shadowOffset": Object {
                      "height": 4,
                      "width": 0,
                    },
                    "shadowOpacity": 0.5,
                    "shadowRadius": 2,
                  }
                }
              >
                <Text
                  style={
                    Array [
                      Object {
                        "fontSize": 17,
                        "fontWeight": "300",
                        "letterSpacing": 0.25,
                      },
                      Object {
                        "textAlign": "center",
                      },
                      Object {
                        "fontWeight": "600",
                      },
                      Object {
                        "paddingBottom": 16,
                      },
                    ]
                  }
                >
                  Challenge #10
                </Text>
                <Text
                  style={
                    Array [
                      Object {
                        "fontSize": 14,
                        "fontWeight": "300",
                        "letterSpacing": 0.25,
                      },
                      Object {
                        "textAlign": "center",
                      },
                      undefined,
                      undefined,
                    ]
                  }
                >
                  After Action Reports
                </Text>
              </View>
            </View>
          </View>
          <View
            onLayout={[Function]}
          >
            <View
              style={
                Object {
                  "paddingBottom": 16,
                }
              }
            />
          </View>
        </View>
      </RCTScrollView>
    </View>
  </RCTScrollView>
</RCTSafeAreaView>
`;
