// Jest Snapshot v1, https://goo.gl/fbAQLP

exports[`renders correctly 1`] = `
<View
  style={
    Array [
      undefined,
      undefined,
    ]
  }
>
  <View
    style={
      Object {
        "flexDirection": "row",
      }
    }
  />
  <View
    style={
      Object {
        "flexDirection": "row",
      }
    }
  >
    <TextInput
      allowFontScaling={true}
      blurOnSubmit={true}
      disableFullscreenUI={true}
      editable={true}
      onBlur={[Function]}
      onChangeText={[Function]}
      onFocus={[Function]}
      placeholderTextColor="hsl(208, 7%, 46%)"
      rejectResponderTermination={true}
      selectionColor="hsl(211, 100%, 50%)"
      style={
        Array [
          Object {
            "backgroundColor": "hsl(0, 0%, 100%)",
            "borderColor": "hsl(208, 7%, 46%)",
            "borderRadius": 4,
            "borderWidth": 2,
            "color": "hsl(0, 0%, 0%)",
            "padding": 8,
            "paddingRight": 32,
            "width": "100%",
          },
          undefined,
          undefined,
          Object {
            "fontSize": 14,
            "fontWeight": "300",
            "letterSpacing": 0.25,
          },
          undefined,
        ]
      }
      textContentType="none"
      underlineColorAndroid="transparent"
      value="hello"
    />
    <View
      accessible={true}
      focusable={true}
      isTVSelectable={true}
      onClick={[Function]}
      onResponderGrant={[Function]}
      onResponderMove={[Function]}
      onResponderRelease={[Function]}
      onResponderTerminate={[Function]}
      onResponderTerminationRequest={[Function]}
      onStartShouldSetResponder={[Function]}
      style={
        Object {
          "opacity": 1,
          "position": "absolute",
          "right": 0,
          "top": 6,
          "width": 30,
        }
      }
    >
      <Text
        allowFontScaling={false}
        style={
          Array [
            Object {
              "color": "hsl(208, 7%, 46%)",
              "fontSize": 24,
            },
            Array [
              undefined,
              undefined,
            ],
            Object {
              "fontFamily": "Material Design Icons",
              "fontStyle": "normal",
              "fontWeight": "normal",
            },
            Object {},
          ]
        }
      >
        
      </Text>
    </View>
  </View>
  <View
    style={
      Object {
        "flexDirection": "row",
      }
    }
  >
    <View
      accessible={true}
      focusable={true}
      isTVSelectable={true}
      onClick={[Function]}
      onResponderGrant={[Function]}
      onResponderMove={[Function]}
      onResponderRelease={[Function]}
      onResponderTerminate={[Function]}
      onResponderTerminationRequest={[Function]}
      onStartShouldSetResponder={[Function]}
      style={
        Object {
          "opacity": 1,
        }
      }
    >
      <Text
        allowFontScaling={false}
        style={
          Array [
            Object {
              "color": "hsl(354, 70%, 54%)",
              "fontSize": 24,
            },
            Array [
              Object {
                "opacity": 0,
              },
              undefined,
            ],
            Object {
              "fontFamily": "Material Design Icons",
              "fontStyle": "normal",
              "fontWeight": "normal",
            },
            Object {},
          ]
        }
      >
        
      </Text>
    </View>
    <View
      accessible={true}
      focusable={true}
      isTVSelectable={true}
      onClick={[Function]}
      onResponderGrant={[Function]}
      onResponderMove={[Function]}
      onResponderRelease={[Function]}
      onResponderTerminate={[Function]}
      onResponderTerminationRequest={[Function]}
      onStartShouldSetResponder={[Function]}
      style={
        Object {
          "alignItems": "center",
          "backgroundColor": "transparent",
          "borderColor": "transparent",
          "borderRadius": 4,
          "borderWidth": 1,
          "flexDirection": "row",
          "justifyContent": "center",
          "opacity": 0,
          "padding": 0,
          "paddingHorizontal": 0,
        }
      }
    >
      <Text
        style={
          Object {
            "color": "hsl(354, 70%, 54%)",
            "fontSize": 14,
            "fontWeight": "300",
            "letterSpacing": 0.25,
            "opacity": 1,
            "textAlign": "center",
          }
        }
      >
        
      </Text>
    </View>
  </View>
</View>
`;
