// Jest Snapshot v1, https://goo.gl/fbAQLP

exports[`renders correctly 1`] = `
<RCTSafeAreaView
  emulateUnlessSupported={true}
  style={
    Array [
      Object {
        "backgroundColor": "hsl(0, 0%, 100%)",
        "flex": 1,
      },
      undefined,
    ]
  }
>
  <View
    style={
      Object {
        "alignItems": "center",
        "flexDirection": "row",
        "justifyContent": "space-between",
      }
    }
  >
    <View
      accessible={true}
      clickable={true}
      isTVSelectable={true}
      onClick={[Function]}
      onResponderGrant={[Function]}
      onResponderMove={[Function]}
      onResponderRelease={[Function]}
      onResponderTerminate={[Function]}
      onResponderTerminationRequest={[Function]}
      onStartShouldSetResponder={[Function]}
      style={
        Object {
          "flex": 1,
          "opacity": 1,
          "padding": 12,
        }
      }
    >
      <View>
        <Text
          allowFontScaling={false}
          style={
            Array [
              Object {
                "color": "hsl(210, 10%, 23%)",
                "fontSize": 24,
              },
              Array [
                undefined,
                undefined,
              ],
              Object {
                "fontFamily": "Material Design Icons",
                "fontStyle": "normal",
                "fontWeight": "normal",
              },
              Object {},
            ]
          }
        >
          
        </Text>
      </View>
    </View>
    <View
      accessible={true}
      clickable={false}
      isTVSelectable={true}
      onClick={[Function]}
      onResponderGrant={[Function]}
      onResponderMove={[Function]}
      onResponderRelease={[Function]}
      onResponderTerminate={[Function]}
      onResponderTerminationRequest={[Function]}
      onStartShouldSetResponder={[Function]}
      style={
        Object {
          "flex": 1,
          "opacity": 1,
          "padding": 12,
        }
      }
    />
  </View>
  <RCTScrollView
    automaticallyAdjustContentInsets={false}
    contentContainerStyle={
      Array [
        Object {
          "backgroundColor": "hsl(0, 0%, 100%)",
          "flex": 1,
        },
        undefined,
      ]
    }
    contentInset={
      Object {
        "bottom": 0,
      }
    }
    enableAutomaticScroll={true}
    enableOnAndroid={false}
    enableResetScrollToCoords={true}
    extraHeight={75}
    extraScrollHeight={0}
    getScrollResponder={[Function]}
    handleOnScroll={[Function]}
    keyboardDismissMode="interactive"
    keyboardOpeningTime={250}
    keyboardShouldPersistTaps="handled"
    keyboardSpace={0}
    onScroll={[Function]}
    resetKeyboardSpace={[Function]}
    scrollEnabled={false}
    scrollEventThrottle={1}
    scrollForExtraHeightOnAndroid={[Function]}
    scrollIntoView={[Function]}
    scrollToEnd={[Function]}
    scrollToFocusedInput={[Function]}
    scrollToPosition={[Function]}
    showsVerticalScrollIndicator={true}
    update={[Function]}
    viewIsInsideTabBar={false}
  >
    <View>
      <RCTScrollView
        contentContainerStyle={
          Object {
            "paddingHorizontal": 20,
          }
        }
      >
        <View>
          <View
            accessible={true}
            clickable={false}
            isTVSelectable={true}
            onClick={[Function]}
            onResponderGrant={[Function]}
            onResponderMove={[Function]}
            onResponderRelease={[Function]}
            onResponderTerminate={[Function]}
            onResponderTerminationRequest={[Function]}
            onStartShouldSetResponder={[Function]}
            style={
              Object {
                "backgroundColor": "hsl(0, 0%, 100%)",
                "borderColor": "hsl(0, 0%, 98%)",
                "borderRadius": 8,
                "borderWidth": 1,
                "elevation": 1,
                "marginHorizontal": 8,
                "marginVertical": 8,
                "opacity": 1,
                "shadowColor": "hsl(210, 10%, 23%)",
                "shadowOffset": Object {
                  "height": 2,
                  "width": 0,
                },
                "shadowOpacity": 0.156,
                "shadowRadius": 1.56,
                "zIndex": 1,
              }
            }
          >
            <View
              style={
                Object {
                  "backgroundColor": "hsla(0,0%,100%,0.05)",
                  "borderRadius": 8,
                  "padding": 16,
                }
              }
            >
              <Text
                style={
                  Object {
                    "color": "hsl(0, 0%, 0%)",
                    "fontSize": 10,
                    "fontWeight": "600",
                    "letterSpacing": 0.15,
                    "opacity": 1,
                  }
                }
              >
                Company
              </Text>
              <View
                accessible={true}
                clickable={true}
                isTVSelectable={true}
                onClick={[Function]}
                onResponderGrant={[Function]}
                onResponderMove={[Function]}
                onResponderRelease={[Function]}
                onResponderTerminate={[Function]}
                onResponderTerminationRequest={[Function]}
                onStartShouldSetResponder={[Function]}
                style={
                  Object {
                    "backgroundColor": "hsl(0, 0%, 100%)",
                    "borderColor": "hsl(0, 0%, 98%)",
                    "borderRadius": 8,
                    "borderWidth": 1,
                    "elevation": 1,
                    "marginHorizontal": 8,
                    "marginVertical": 8,
                    "opacity": 1,
                    "shadowColor": "hsl(210, 10%, 23%)",
                    "shadowOffset": Object {
                      "height": 2,
                      "width": 0,
                    },
                    "shadowOpacity": 0.156,
                    "shadowRadius": 1.56,
                    "zIndex": 1,
                  }
                }
              >
                <View
                  style={
                    Object {
                      "backgroundColor": "hsla(0,0%,100%,0.05)",
                      "borderRadius": 8,
                      "padding": 16,
                    }
                  }
                >
                  <Text
                    style={
                      Object {
                        "color": "hsl(0, 0%, 0%)",
                        "fontSize": 10,
                        "fontWeight": "600",
                        "letterSpacing": 0.15,
                        "opacity": 1,
                      }
                    }
                  >
                    Mission
                  </Text>
                  <Text
                    style={
                      Object {
                        "color": "hsl(0, 0%, 0%)",
                        "fontSize": 14,
                        "fontWeight": "300",
                        "letterSpacing": 0.25,
                        "opacity": 1,
                      }
                    }
                  >
                    We strive to offer our customers the lowest possible prices the best available selection and the utmost convenience.
                  </Text>
                </View>
              </View>
              <View
                accessible={true}
                clickable={true}
                isTVSelectable={true}
                onClick={[Function]}
                onResponderGrant={[Function]}
                onResponderMove={[Function]}
                onResponderRelease={[Function]}
                onResponderTerminate={[Function]}
                onResponderTerminationRequest={[Function]}
                onStartShouldSetResponder={[Function]}
                style={
                  Object {
                    "backgroundColor": "hsl(0, 0%, 100%)",
                    "borderColor": "hsl(0, 0%, 98%)",
                    "borderRadius": 8,
                    "borderWidth": 1,
                    "elevation": 1,
                    "marginHorizontal": 8,
                    "marginVertical": 8,
                    "opacity": 1,
                    "shadowColor": "hsl(210, 10%, 23%)",
                    "shadowOffset": Object {
                      "height": 2,
                      "width": 0,
                    },
                    "shadowOpacity": 0.156,
                    "shadowRadius": 1.56,
                    "zIndex": 1,
                  }
                }
              >
                <View
                  style={
                    Object {
                      "backgroundColor": "hsla(0,0%,100%,0.05)",
                      "borderRadius": 8,
                      "padding": 16,
                    }
                  }
                >
                  <Text
                    style={
                      Object {
                        "color": "hsl(0, 0%, 0%)",
                        "fontSize": 10,
                        "fontWeight": "600",
                        "letterSpacing": 0.15,
                        "opacity": 1,
                      }
                    }
                  >
                    Vision
                  </Text>
                  <Text
                    style={
                      Object {
                        "color": "hsl(0, 0%, 0%)",
                        "fontSize": 14,
                        "fontWeight": "300",
                        "letterSpacing": 0.25,
                        "opacity": 1,
                      }
                    }
                  >
                    To be Earth’s most customer-centric company where customers can find and discover anything they might want to buy online.
                  </Text>
                </View>
              </View>
              <View
                accessible={true}
                clickable={true}
                isTVSelectable={true}
                onClick={[Function]}
                onResponderGrant={[Function]}
                onResponderMove={[Function]}
                onResponderRelease={[Function]}
                onResponderTerminate={[Function]}
                onResponderTerminationRequest={[Function]}
                onStartShouldSetResponder={[Function]}
                style={
                  Object {
                    "backgroundColor": "hsl(0, 0%, 100%)",
                    "borderColor": "hsl(0, 0%, 98%)",
                    "borderRadius": 8,
                    "borderWidth": 1,
                    "elevation": 1,
                    "marginHorizontal": 8,
                    "marginVertical": 8,
                    "opacity": 1,
                    "shadowColor": "hsl(210, 10%, 23%)",
                    "shadowOffset": Object {
                      "height": 2,
                      "width": 0,
                    },
                    "shadowOpacity": 0.156,
                    "shadowRadius": 1.56,
                    "zIndex": 1,
                  }
                }
              >
                <View
                  style={
                    Object {
                      "backgroundColor": "hsla(0,0%,100%,0.05)",
                      "borderRadius": 8,
                      "padding": 16,
                    }
                  }
                >
                  <Text
                    style={
                      Object {
                        "color": "hsl(0, 0%, 0%)",
                        "fontSize": 10,
                        "fontWeight": "600",
                        "letterSpacing": 0.15,
                        "opacity": 1,
                      }
                    }
                  >
                    Values
                  </Text>
                  <Text
                    style={
                      Object {
                        "color": "hsl(0, 0%, 0%)",
                        "fontSize": 14,
                        "fontWeight": "300",
                        "letterSpacing": 0.25,
                        "opacity": 1,
                      }
                    }
                  >
                    Customer Obsession
                  </Text>
                  <Text
                    style={
                      Object {
                        "color": "hsl(0, 0%, 0%)",
                        "fontSize": 14,
                        "fontWeight": "300",
                        "letterSpacing": 0.25,
                        "opacity": 1,
                      }
                    }
                  >
                    Ownership
                  </Text>
                  <Text
                    style={
                      Object {
                        "color": "hsl(0, 0%, 0%)",
                        "fontSize": 14,
                        "fontWeight": "300",
                        "letterSpacing": 0.25,
                        "opacity": 1,
                      }
                    }
                  >
                    Invent and Simplify
                  </Text>
                  <Text
                    style={
                      Object {
                        "color": "hsl(0, 0%, 0%)",
                        "fontSize": 14,
                        "fontWeight": "300",
                        "letterSpacing": 0.25,
                        "opacity": 1,
                      }
                    }
                  >
                    Are Right a Lot
                  </Text>
                  <Text
                    style={
                      Object {
                        "color": "hsl(0, 0%, 0%)",
                        "fontSize": 14,
                        "fontWeight": "300",
                        "letterSpacing": 0.25,
                        "opacity": 1,
                      }
                    }
                  >
                    Learn and Be Curious
                  </Text>
                  <Text
                    style={
                      Object {
                        "color": "hsl(0, 0%, 0%)",
                        "fontSize": 14,
                        "fontWeight": "300",
                        "letterSpacing": 0.25,
                        "opacity": 1,
                      }
                    }
                  >
                    Hire and Develop the Best
                  </Text>
                  <Text
                    style={
                      Object {
                        "color": "hsl(0, 0%, 0%)",
                        "fontSize": 14,
                        "fontWeight": "300",
                        "letterSpacing": 0.25,
                        "opacity": 1,
                      }
                    }
                  >
                    Insist on the Highest Standards
                  </Text>
                  <Text
                    style={
                      Object {
                        "color": "hsl(0, 0%, 0%)",
                        "fontSize": 14,
                        "fontWeight": "300",
                        "letterSpacing": 0.25,
                        "opacity": 1,
                      }
                    }
                  >
                    Think Big
                  </Text>
                  <Text
                    style={
                      Object {
                        "color": "hsl(0, 0%, 0%)",
                        "fontSize": 14,
                        "fontWeight": "300",
                        "letterSpacing": 0.25,
                        "opacity": 1,
                      }
                    }
                  >
                    Bias for Action
                  </Text>
                  <Text
                    style={
                      Object {
                        "color": "hsl(0, 0%, 0%)",
                        "fontSize": 14,
                        "fontWeight": "300",
                        "letterSpacing": 0.25,
                        "opacity": 1,
                      }
                    }
                  >
                    Frugality
                  </Text>
                  <Text
                    style={
                      Object {
                        "color": "hsl(0, 0%, 0%)",
                        "fontSize": 14,
                        "fontWeight": "300",
                        "letterSpacing": 0.25,
                        "opacity": 1,
                      }
                    }
                  >
                    Earn Trust
                  </Text>
                  <Text
                    style={
                      Object {
                        "color": "hsl(0, 0%, 0%)",
                        "fontSize": 14,
                        "fontWeight": "300",
                        "letterSpacing": 0.25,
                        "opacity": 1,
                      }
                    }
                  >
                    Dive Deep
                  </Text>
                  <Text
                    style={
                      Object {
                        "color": "hsl(0, 0%, 0%)",
                        "fontSize": 14,
                        "fontWeight": "300",
                        "letterSpacing": 0.25,
                        "opacity": 1,
                      }
                    }
                  >
                    Have Backbone; Disagree and Commit
                  </Text>
                  <Text
                    style={
                      Object {
                        "color": "hsl(0, 0%, 0%)",
                        "fontSize": 14,
                        "fontWeight": "300",
                        "letterSpacing": 0.25,
                        "opacity": 1,
                      }
                    }
                  >
                    Deliver Results
                  </Text>
                </View>
              </View>
            </View>
          </View>
          <View
            accessible={true}
            clickable={false}
            isTVSelectable={true}
            onClick={[Function]}
            onResponderGrant={[Function]}
            onResponderMove={[Function]}
            onResponderRelease={[Function]}
            onResponderTerminate={[Function]}
            onResponderTerminationRequest={[Function]}
            onStartShouldSetResponder={[Function]}
            style={
              Object {
                "backgroundColor": "hsl(0, 0%, 100%)",
                "borderColor": "hsl(0, 0%, 98%)",
                "borderRadius": 8,
                "borderWidth": 1,
                "elevation": 1,
                "marginHorizontal": 8,
                "marginVertical": 8,
                "opacity": 1,
                "shadowColor": "hsl(210, 10%, 23%)",
                "shadowOffset": Object {
                  "height": 2,
                  "width": 0,
                },
                "shadowOpacity": 0.156,
                "shadowRadius": 1.56,
                "zIndex": 1,
              }
            }
          >
            <View
              style={
                Object {
                  "backgroundColor": "hsla(0,0%,100%,0.05)",
                  "borderRadius": 8,
                  "padding": 16,
                }
              }
            >
              <Text
                style={
                  Object {
                    "color": "hsl(0, 0%, 0%)",
                    "fontSize": 10,
                    "fontWeight": "600",
                    "letterSpacing": 0.15,
                    "opacity": 1,
                  }
                }
              >
                Product
              </Text>
              <View
                accessible={true}
                clickable={true}
                isTVSelectable={true}
                onClick={[Function]}
                onResponderGrant={[Function]}
                onResponderMove={[Function]}
                onResponderRelease={[Function]}
                onResponderTerminate={[Function]}
                onResponderTerminationRequest={[Function]}
                onStartShouldSetResponder={[Function]}
                style={
                  Object {
                    "backgroundColor": "hsl(0, 0%, 100%)",
                    "borderColor": "hsl(0, 0%, 98%)",
                    "borderRadius": 8,
                    "borderWidth": 1,
                    "elevation": 1,
                    "marginHorizontal": 8,
                    "marginVertical": 8,
                    "opacity": 1,
                    "shadowColor": "hsl(210, 10%, 23%)",
                    "shadowOffset": Object {
                      "height": 2,
                      "width": 0,
                    },
                    "shadowOpacity": 0.156,
                    "shadowRadius": 1.56,
                    "zIndex": 1,
                  }
                }
              >
                <View
                  style={
                    Object {
                      "backgroundColor": "hsla(0,0%,100%,0.05)",
                      "borderRadius": 8,
                      "padding": 16,
                    }
                  }
                >
                  <Text
                    style={
                      Object {
                        "color": "hsl(0, 0%, 0%)",
                        "fontSize": 10,
                        "fontWeight": "600",
                        "letterSpacing": 0.15,
                        "opacity": 1,
                      }
                    }
                  >
                    Vision
                  </Text>
                  <Text
                    style={
                      Object {
                        "color": "hsl(0, 0%, 0%)",
                        "fontSize": 14,
                        "fontWeight": "300",
                        "letterSpacing": 0.25,
                        "opacity": 1,
                      }
                    }
                  >
                    Jim, owner
                  </Text>
                </View>
              </View>
              <View
                accessible={true}
                clickable={true}
                isTVSelectable={true}
                onClick={[Function]}
                onResponderGrant={[Function]}
                onResponderMove={[Function]}
                onResponderRelease={[Function]}
                onResponderTerminate={[Function]}
                onResponderTerminationRequest={[Function]}
                onStartShouldSetResponder={[Function]}
                style={
                  Object {
                    "backgroundColor": "hsl(0, 0%, 100%)",
                    "borderColor": "hsl(0, 0%, 98%)",
                    "borderRadius": 8,
                    "borderWidth": 1,
                    "elevation": 1,
                    "marginHorizontal": 8,
                    "marginVertical": 8,
                    "opacity": 1,
                    "shadowColor": "hsl(210, 10%, 23%)",
                    "shadowOffset": Object {
                      "height": 2,
                      "width": 0,
                    },
                    "shadowOpacity": 0.156,
                    "shadowRadius": 1.56,
                    "zIndex": 1,
                  }
                }
              >
                <View
                  style={
                    Object {
                      "backgroundColor": "hsla(0,0%,100%,0.05)",
                      "borderRadius": 8,
                      "padding": 16,
                    }
                  }
                >
                  <Text
                    style={
                      Object {
                        "color": "hsl(0, 0%, 0%)",
                        "fontSize": 10,
                        "fontWeight": "600",
                        "letterSpacing": 0.15,
                        "opacity": 1,
                      }
                    }
                  >
                    KPIs
                  </Text>
                  <Text
                    style={
                      Object {
                        "color": "hsl(0, 0%, 0%)",
                        "fontSize": 14,
                        "fontWeight": "300",
                        "letterSpacing": 0.25,
                        "opacity": 1,
                      }
                    }
                  >
                    Customer Lifetime Value
                  </Text>
                  <Text
                    style={
                      Object {
                        "color": "hsl(0, 0%, 0%)",
                        "fontSize": 14,
                        "fontWeight": "300",
                        "letterSpacing": 0.25,
                        "opacity": 1,
                      }
                    }
                  >
                    Average Revenue Per user
                  </Text>
                  <Text
                    style={
                      Object {
                        "color": "hsl(0, 0%, 0%)",
                        "fontSize": 14,
                        "fontWeight": "300",
                        "letterSpacing": 0.25,
                        "opacity": 1,
                      }
                    }
                  >
                    Customer Aquisition Cost
                  </Text>
                  <Text
                    style={
                      Object {
                        "color": "hsl(0, 0%, 0%)",
                        "fontSize": 14,
                        "fontWeight": "300",
                        "letterSpacing": 0.25,
                        "opacity": 1,
                      }
                    }
                  >
                    Monthly Recurring Revenue
                  </Text>
                  <Text
                    style={
                      Object {
                        "color": "hsl(0, 0%, 0%)",
                        "fontSize": 14,
                        "fontWeight": "300",
                        "letterSpacing": 0.25,
                        "opacity": 1,
                      }
                    }
                  >
                    Churn
                  </Text>
                  <Text
                    style={
                      Object {
                        "color": "hsl(0, 0%, 0%)",
                        "fontSize": 14,
                        "fontWeight": "300",
                        "letterSpacing": 0.25,
                        "opacity": 1,
                      }
                    }
                  >
                    Cost of Sales
                  </Text>
                  <Text
                    style={
                      Object {
                        "color": "hsl(0, 0%, 0%)",
                        "fontSize": 14,
                        "fontWeight": "300",
                        "letterSpacing": 0.25,
                        "opacity": 1,
                      }
                    }
                  >
                    Contributing Margins
                  </Text>
                </View>
              </View>
              <View
                accessible={true}
                clickable={true}
                isTVSelectable={true}
                onClick={[Function]}
                onResponderGrant={[Function]}
                onResponderMove={[Function]}
                onResponderRelease={[Function]}
                onResponderTerminate={[Function]}
                onResponderTerminationRequest={[Function]}
                onStartShouldSetResponder={[Function]}
                style={
                  Object {
                    "backgroundColor": "hsl(0, 0%, 100%)",
                    "borderColor": "hsl(0, 0%, 98%)",
                    "borderRadius": 8,
                    "borderWidth": 1,
                    "elevation": 1,
                    "marginHorizontal": 8,
                    "marginVertical": 8,
                    "opacity": 1,
                    "shadowColor": "hsl(210, 10%, 23%)",
                    "shadowOffset": Object {
                      "height": 2,
                      "width": 0,
                    },
                    "shadowOpacity": 0.156,
                    "shadowRadius": 1.56,
                    "zIndex": 1,
                  }
                }
              >
                <View
                  style={
                    Object {
                      "backgroundColor": "hsla(0,0%,100%,0.05)",
                      "borderRadius": 8,
                      "padding": 16,
                    }
                  }
                >
                  <Text
                    style={
                      Object {
                        "color": "hsl(0, 0%, 0%)",
                        "fontSize": 10,
                        "fontWeight": "600",
                        "letterSpacing": 0.15,
                        "opacity": 1,
                      }
                    }
                  >
                    Team
                  </Text>
                  <Text
                    style={
                      Object {
                        "color": "hsl(0, 0%, 0%)",
                        "fontSize": 14,
                        "fontWeight": "300",
                        "letterSpacing": 0.25,
                        "opacity": 1,
                      }
                    }
                  >
                    Jim, owner
                  </Text>
                  <Text
                    style={
                      Object {
                        "color": "hsl(0, 0%, 0%)",
                        "fontSize": 14,
                        "fontWeight": "300",
                        "letterSpacing": 0.25,
                        "opacity": 1,
                      }
                    }
                  >
                    Bob, designer
                  </Text>
                  <Text
                    style={
                      Object {
                        "color": "hsl(0, 0%, 0%)",
                        "fontSize": 14,
                        "fontWeight": "300",
                        "letterSpacing": 0.25,
                        "opacity": 1,
                      }
                    }
                  >
                    Steve, engineer
                  </Text>
                  <Text
                    style={
                      Object {
                        "color": "hsl(0, 0%, 0%)",
                        "fontSize": 14,
                        "fontWeight": "300",
                        "letterSpacing": 0.25,
                        "opacity": 1,
                      }
                    }
                  >
                    Greg, engineer
                  </Text>
                </View>
              </View>
              <View
                accessible={true}
                clickable={true}
                isTVSelectable={true}
                onClick={[Function]}
                onResponderGrant={[Function]}
                onResponderMove={[Function]}
                onResponderRelease={[Function]}
                onResponderTerminate={[Function]}
                onResponderTerminationRequest={[Function]}
                onStartShouldSetResponder={[Function]}
                style={
                  Object {
                    "backgroundColor": "hsl(0, 0%, 100%)",
                    "borderColor": "hsl(0, 0%, 98%)",
                    "borderRadius": 8,
                    "borderWidth": 1,
                    "elevation": 1,
                    "marginHorizontal": 8,
                    "marginVertical": 8,
                    "opacity": 1,
                    "shadowColor": "hsl(210, 10%, 23%)",
                    "shadowOffset": Object {
                      "height": 2,
                      "width": 0,
                    },
                    "shadowOpacity": 0.156,
                    "shadowRadius": 1.56,
                    "zIndex": 1,
                  }
                }
              >
                <View
                  style={
                    Object {
                      "backgroundColor": "hsla(0,0%,100%,0.05)",
                      "borderRadius": 8,
                      "padding": 16,
                    }
                  }
                >
                  <Text
                    style={
                      Object {
                        "color": "hsl(0, 0%, 0%)",
                        "fontSize": 10,
                        "fontWeight": "600",
                        "letterSpacing": 0.15,
                        "opacity": 1,
                      }
                    }
                  >
                    Objective
                  </Text>
                  <Text
                    style={
                      Object {
                        "color": "hsl(0, 0%, 0%)",
                        "fontSize": 14,
                        "fontWeight": "300",
                        "letterSpacing": 0.25,
                        "opacity": 1,
                      }
                    }
                  >
                    Jim, owner
                  </Text>
                  <View
                    accessible={true}
                    clickable={true}
                    isTVSelectable={true}
                    onClick={[Function]}
                    onResponderGrant={[Function]}
                    onResponderMove={[Function]}
                    onResponderRelease={[Function]}
                    onResponderTerminate={[Function]}
                    onResponderTerminationRequest={[Function]}
                    onStartShouldSetResponder={[Function]}
                    style={
                      Object {
                        "backgroundColor": "hsl(0, 0%, 100%)",
                        "borderColor": "hsl(0, 0%, 98%)",
                        "borderRadius": 8,
                        "borderWidth": 1,
                        "elevation": 1,
                        "marginHorizontal": 8,
                        "marginVertical": 8,
                        "opacity": 1,
                        "shadowColor": "hsl(210, 10%, 23%)",
                        "shadowOffset": Object {
                          "height": 2,
                          "width": 0,
                        },
                        "shadowOpacity": 0.156,
                        "shadowRadius": 1.56,
                        "zIndex": 1,
                      }
                    }
                  >
                    <View
                      style={
                        Object {
                          "backgroundColor": "hsla(0,0%,100%,0.05)",
                          "borderRadius": 8,
                          "padding": 16,
                        }
                      }
                    >
                      <Text
                        style={
                          Object {
                            "color": "hsl(0, 0%, 0%)",
                            "fontSize": 10,
                            "fontWeight": "600",
                            "letterSpacing": 0.15,
                            "opacity": 1,
                          }
                        }
                      >
                        KeyResult
                      </Text>
                      <Text
                        style={
                          Object {
                            "color": "hsl(0, 0%, 0%)",
                            "fontSize": 14,
                            "fontWeight": "300",
                            "letterSpacing": 0.25,
                            "opacity": 1,
                          }
                        }
                      >
                        Jim, owner
                      </Text>
                    </View>
                  </View>
                  <View
                    accessible={true}
                    clickable={true}
                    isTVSelectable={true}
                    onClick={[Function]}
                    onResponderGrant={[Function]}
                    onResponderMove={[Function]}
                    onResponderRelease={[Function]}
                    onResponderTerminate={[Function]}
                    onResponderTerminationRequest={[Function]}
                    onStartShouldSetResponder={[Function]}
                    style={
                      Object {
                        "backgroundColor": "hsl(0, 0%, 100%)",
                        "borderColor": "hsl(0, 0%, 98%)",
                        "borderRadius": 8,
                        "borderWidth": 1,
                        "elevation": 1,
                        "marginHorizontal": 8,
                        "marginVertical": 8,
                        "opacity": 1,
                        "shadowColor": "hsl(210, 10%, 23%)",
                        "shadowOffset": Object {
                          "height": 2,
                          "width": 0,
                        },
                        "shadowOpacity": 0.156,
                        "shadowRadius": 1.56,
                        "zIndex": 1,
                      }
                    }
                  >
                    <View
                      style={
                        Object {
                          "backgroundColor": "hsla(0,0%,100%,0.05)",
                          "borderRadius": 8,
                          "padding": 16,
                        }
                      }
                    >
                      <Text
                        style={
                          Object {
                            "color": "hsl(0, 0%, 0%)",
                            "fontSize": 10,
                            "fontWeight": "600",
                            "letterSpacing": 0.15,
                            "opacity": 1,
                          }
                        }
                      >
                        KeyResult
                      </Text>
                      <Text
                        style={
                          Object {
                            "color": "hsl(0, 0%, 0%)",
                            "fontSize": 14,
                            "fontWeight": "300",
                            "letterSpacing": 0.25,
                            "opacity": 1,
                          }
                        }
                      >
                        Jim, owner
                      </Text>
                    </View>
                  </View>
                  <View
                    accessible={true}
                    clickable={true}
                    isTVSelectable={true}
                    onClick={[Function]}
                    onResponderGrant={[Function]}
                    onResponderMove={[Function]}
                    onResponderRelease={[Function]}
                    onResponderTerminate={[Function]}
                    onResponderTerminationRequest={[Function]}
                    onStartShouldSetResponder={[Function]}
                    style={
                      Object {
                        "backgroundColor": "hsl(0, 0%, 100%)",
                        "borderColor": "hsl(0, 0%, 98%)",
                        "borderRadius": 8,
                        "borderWidth": 1,
                        "elevation": 1,
                        "marginHorizontal": 8,
                        "marginVertical": 8,
                        "opacity": 1,
                        "shadowColor": "hsl(210, 10%, 23%)",
                        "shadowOffset": Object {
                          "height": 2,
                          "width": 0,
                        },
                        "shadowOpacity": 0.156,
                        "shadowRadius": 1.56,
                        "zIndex": 1,
                      }
                    }
                  >
                    <View
                      style={
                        Object {
                          "backgroundColor": "hsla(0,0%,100%,0.05)",
                          "borderRadius": 8,
                          "padding": 16,
                        }
                      }
                    >
                      <Text
                        style={
                          Object {
                            "color": "hsl(0, 0%, 0%)",
                            "fontSize": 10,
                            "fontWeight": "600",
                            "letterSpacing": 0.15,
                            "opacity": 1,
                          }
                        }
                      >
                        KeyResult
                      </Text>
                      <Text
                        style={
                          Object {
                            "color": "hsl(0, 0%, 0%)",
                            "fontSize": 14,
                            "fontWeight": "300",
                            "letterSpacing": 0.25,
                            "opacity": 1,
                          }
                        }
                      >
                        Jim, owner
                      </Text>
                    </View>
                  </View>
                </View>
              </View>
              <View
                accessible={true}
                clickable={true}
                isTVSelectable={true}
                onClick={[Function]}
                onResponderGrant={[Function]}
                onResponderMove={[Function]}
                onResponderRelease={[Function]}
                onResponderTerminate={[Function]}
                onResponderTerminationRequest={[Function]}
                onStartShouldSetResponder={[Function]}
                style={
                  Object {
                    "backgroundColor": "hsl(0, 0%, 100%)",
                    "borderColor": "hsl(0, 0%, 98%)",
                    "borderRadius": 8,
                    "borderWidth": 1,
                    "elevation": 1,
                    "marginHorizontal": 8,
                    "marginVertical": 8,
                    "opacity": 1,
                    "shadowColor": "hsl(210, 10%, 23%)",
                    "shadowOffset": Object {
                      "height": 2,
                      "width": 0,
                    },
                    "shadowOpacity": 0.156,
                    "shadowRadius": 1.56,
                    "zIndex": 1,
                  }
                }
              >
                <View
                  style={
                    Object {
                      "backgroundColor": "hsla(0,0%,100%,0.05)",
                      "borderRadius": 8,
                      "padding": 16,
                    }
                  }
                >
                  <Text
                    style={
                      Object {
                        "color": "hsl(0, 0%, 0%)",
                        "fontSize": 10,
                        "fontWeight": "600",
                        "letterSpacing": 0.15,
                        "opacity": 1,
                      }
                    }
                  >
                    Objective
                  </Text>
                  <Text
                    style={
                      Object {
                        "color": "hsl(0, 0%, 0%)",
                        "fontSize": 14,
                        "fontWeight": "300",
                        "letterSpacing": 0.25,
                        "opacity": 1,
                      }
                    }
                  >
                    Jim, owner
                  </Text>
                </View>
              </View>
            </View>
          </View>
        </View>
      </RCTScrollView>
    </View>
  </RCTScrollView>
</RCTSafeAreaView>
`;
