// Jest Snapshot v1, https://goo.gl/fbAQLP

exports[`input renders correctly 1`] = `
<View
  style={
    Array [
      undefined,
      undefined,
      undefined,
      Array [
        undefined,
        undefined,
      ],
    ]
  }
>
  <View
    style={
      Array [
        undefined,
        undefined,
        undefined,
        Object {
          "flexDirection": "row",
        },
      ]
    }
  />
  <View
    style={
      Array [
        undefined,
        undefined,
        undefined,
        Object {
          "backgroundColor": "hsl(0,0%,100%)",
          "borderColor": "hsl(0,0%,32.9%)",
          "borderRadius": 4,
          "borderWidth": 2,
          "flexDirection": "row",
          "padding": 8,
        },
      ]
    }
  >
    <TextInput
      blurOnSubmit={true}
      collapsable={false}
      disableFullscreenUI={true}
      editable={true}
      handlerTag={1}
      handlerType="NativeViewGestureHandler"
      onBlur={[Function]}
      onChangeText={[MockFunction]}
      onFocus={[Function]}
      onGestureHandlerEvent={[Function]}
      onGestureHandlerStateChange={[Function]}
      placeholderTextColor="hsl(0,0%,32.9%)"
      selectionColor="hsl(219,87.8%,54.9%)"
      style={
        Array [
          Object {
            "color": "hsl(0,0%,0%)",
            "flex": 1,
          },
          Object {
            "fontSize": 14,
            "fontWeight": "300",
            "letterSpacing": 0.25,
          },
          undefined,
        ]
      }
      textContentType="none"
      underlineColorAndroid="transparent"
      value="hello"
    />
    <RNGestureHandlerButton
      collapsable={false}
      exclusive={true}
      handlerTag={2}
      handlerType="NativeViewGestureHandler"
      onGestureEvent={[Function]}
      onGestureHandlerEvent={[Function]}
      onGestureHandlerStateChange={[Function]}
      onHandlerStateChange={[Function]}
      rippleColor={0}
      touchSoundDisabled={false}
    >
      <View
        accessible={true}
        collapsable={false}
        style={
          Object {
            "flex": 0,
            "opacity": 1,
          }
        }
      >
        <View
          style={
            Array [
              undefined,
              undefined,
              undefined,
              Array [
                undefined,
                undefined,
                undefined,
                undefined,
                Object {
                  "justifyContent": "center",
                },
                Object {
                  "paddingLeft": 8,
                },
              ],
            ]
          }
        >
          <Text
            allowFontScaling={false}
            selectable={false}
            style={
              Array [
                Object {
                  "color": "hsl(0,0%,45.9%)",
                  "fontSize": 24,
                },
                Array [
                  undefined,
                  undefined,
                ],
                Object {
                  "fontFamily": "Material Design Icons",
                  "fontStyle": "normal",
                  "fontWeight": "normal",
                },
                Object {},
              ]
            }
          >
            󰅙
          </Text>
        </View>
      </View>
    </RNGestureHandlerButton>
  </View>
  <RNGestureHandlerButton
    collapsable={false}
    exclusive={true}
    handlerTag={3}
    handlerType="NativeViewGestureHandler"
    onGestureEvent={[Function]}
    onGestureHandlerEvent={[Function]}
    onGestureHandlerStateChange={[Function]}
    onHandlerStateChange={[Function]}
    rippleColor={0}
    touchSoundDisabled={false}
  >
    <View
      accessible={true}
      collapsable={false}
      style={
        Object {
          "alignItems": "center",
          "flex": 0,
          "flexDirection": "row",
          "opacity": 1,
        }
      }
    >
      <View
        style={
          Array [
            undefined,
            undefined,
            undefined,
            Array [
              undefined,
              undefined,
              undefined,
              undefined,
              Object {
                "justifyContent": "center",
              },
              undefined,
            ],
          ]
        }
      >
        <Text
          allowFontScaling={false}
          selectable={false}
          style={
            Array [
              Object {
                "color": "hsl(7,100%,44.1%)",
                "fontSize": 16,
              },
              Array [
                Object {
                  "opacity": 0,
                },
                undefined,
              ],
              Object {
                "fontFamily": "Material Design Icons",
                "fontStyle": "normal",
                "fontWeight": "normal",
              },
              Object {},
            ]
          }
        >
          󰀨
        </Text>
      </View>
      <Text
        collapsable={false}
        style={
          Object {
            "color": "hsla(7,100%,44.1%, 1)",
            "fontSize": 16,
            "fontWeight": "300",
            "letterSpacing": 0.5,
            "opacity": 0,
            "paddingLeft": 4,
          }
        }
      >
         
      </Text>
    </View>
  </RNGestureHandlerButton>
</View>
`;
