// Jest Snapshot v1, https://goo.gl/fbAQLP

exports[`markdown renders correctly 1`] = `
<View
  style={
    [
      undefined,
      undefined,
      undefined,
      {
        "flexDirection": "row",
      },
    ]
  }
>
  <Text
    collapsable={false}
    style={
      {
        "color": "hsla(0,0%,0%, 1)",
        "fontSize": 16,
        "fontWeight": "300",
        "letterSpacing": 0.5,
        "opacity": 1,
      }
    }
  >
    hello 
  </Text>
  <Text
    collapsable={false}
    style={
      {
        "color": "hsla(0,0%,0%, 1)",
        "fontSize": 16,
        "fontWeight": "500",
        "letterSpacing": 0.5,
        "opacity": 1,
      }
    }
  >
    world
  </Text>
</View>
`;
