// Jest Snapshot v1, https://goo.gl/fbAQLP

exports[`renders correctly 1`] = `
<View
  style={
    Object {
      "flexDirection": "row",
    }
  }
>
  <Text
    style={
      Object {
        "color": "hsla(0, 0%, 0%, 1)",
        "fontSize": 14,
        "fontWeight": "300",
        "letterSpacing": 0.25,
        "opacity": 1,
      }
    }
  >
    hello 
  </Text>
  <Text
    style={
      Object {
        "color": "hsla(0, 0%, 0%, 1)",
        "fontSize": 14,
        "fontWeight": "600",
        "letterSpacing": 0.25,
        "opacity": 1,
      }
    }
  >
    world
  </Text>
</View>
`;
