// Jest Snapshot v1, https://goo.gl/fbAQLP

exports[`template renders correctly 1`] = `
<View
  style={
    [
      undefined,
      undefined,
      undefined,
      {
        "backgroundColor": "hsl(0,0%,100%)",
        "flex": 1,
      },
    ]
  }
>
  <RNCSafeAreaView
    edges={
      [
        "top",
        "left",
        "right",
        "bottom",
      ]
    }
    style={
      {
        "flex": 1,
      }
    }
  >
    <View
      style={
        [
          undefined,
          undefined,
          undefined,
          {
            "alignItems": "center",
            "backgroundColor": "hsl(0,0%,100%)",
            "borderBottomColor": "hsl(0,0%,100%)",
            "borderBottomWidth": 1,
            "flexDirection": "row",
            "justifyContent": "space-between",
            "paddingHorizontal": 8,
            "zIndex": 2,
          },
        ]
      }
    >
      <RNGestureHandlerButton
        collapsable={false}
        delayLongPress={600}
        enabled={true}
        exclusive={true}
        handlerTag={1}
        handlerType="NativeViewGestureHandler"
        onGestureEvent={[Function]}
        onGestureHandlerEvent={[Function]}
        onGestureHandlerStateChange={[Function]}
        onHandlerStateChange={[Function]}
        rippleColor={0}
        touchSoundDisabled={false}
      >
        <View
          accessible={true}
          collapsable={false}
          style={
            {
              "flex": 0,
              "opacity": 1,
              "padding": 8,
            }
          }
        >
          <View
            style={
              [
                undefined,
                undefined,
                undefined,
                [
                  undefined,
                  undefined,
                  undefined,
                  undefined,
                  {
                    "justifyContent": "center",
                  },
                  null,
                ],
              ]
            }
            testID="leftNav"
          >
            <Text
              allowFontScaling={false}
              selectable={false}
              style={
                [
                  {
                    "color": "hsl(0,0%,32.9%)",
                    "fontSize": 32,
                  },
                  [
                    undefined,
                    undefined,
                  ],
                  {
                    "fontFamily": "Material Design Icons",
                    "fontStyle": "normal",
                    "fontWeight": "normal",
                  },
                  {},
                ]
              }
            >
              󰅁
            </Text>
          </View>
        </View>
      </RNGestureHandlerButton>
      <Text
        collapsable={false}
        numberOfLines={1}
        style={
          {
            "color": "hsla(0,0%,0%, 1)",
            "flex": 1,
            "fontSize": 34,
            "fontWeight": "300",
            "letterSpacing": 0.25,
            "opacity": 1,
            "textAlign": "center",
          }
        }
      >
        Template
      </Text>
      <RNGestureHandlerButton
        collapsable={false}
        delayLongPress={600}
        enabled={false}
        exclusive={true}
        handlerTag={2}
        handlerType="NativeViewGestureHandler"
        onGestureEvent={[Function]}
        onGestureHandlerEvent={[Function]}
        onGestureHandlerStateChange={[Function]}
        onHandlerStateChange={[Function]}
        rippleColor={0}
        touchSoundDisabled={false}
      >
        <View
          accessible={true}
          collapsable={false}
          style={
            {
              "flex": 0,
              "opacity": 1,
              "padding": 8,
            }
          }
        >
          <View
            style={
              [
                undefined,
                undefined,
                undefined,
                [
                  undefined,
                  undefined,
                  undefined,
                  undefined,
                  {
                    "justifyContent": "center",
                  },
                  {
                    "alignSelf": "flex-end",
                  },
                ],
              ]
            }
            testID="rightNav"
          >
            <Text
              allowFontScaling={false}
              selectable={false}
              style={
                [
                  {
                    "color": "transparent",
                    "fontSize": 32,
                  },
                  [
                    undefined,
                    undefined,
                  ],
                  {
                    "fontFamily": "Material Design Icons",
                    "fontStyle": "normal",
                    "fontWeight": "normal",
                  },
                  {},
                ]
              }
            >
              󰅖
            </Text>
          </View>
        </View>
      </RNGestureHandlerButton>
    </View>
    <View
      style={
        [
          undefined,
          undefined,
          undefined,
          {
            "backgroundColor": "hsl(0,0%,100%)",
            "height": 2,
            "width": "100%",
            "zIndex": 1,
          },
        ]
      }
    />
    <View
      style={
        [
          undefined,
          undefined,
          undefined,
          [
            {
              "flex": 1,
            },
            undefined,
          ],
        ]
      }
    >
      <View
        style={
          [
            undefined,
            undefined,
            undefined,
            {
              "backgroundColor": "hsl(0,0%,100%)",
            },
          ]
        }
      >
        <View
          style={
            [
              undefined,
              undefined,
              undefined,
              undefined,
            ]
          }
        />
      </View>
    </View>
  </RNCSafeAreaView>
</View>
`;
