// Jest Snapshot v1, https://goo.gl/fbAQLP

exports[`renders correctly 1`] = `
<View
  accessible={true}
  isTVSelectable={true}
  onResponderGrant={[Function]}
  onResponderMove={[Function]}
  onResponderRelease={[Function]}
  onResponderTerminate={[Function]}
  onResponderTerminationRequest={[Function]}
  onStartShouldSetResponder={[Function]}
  style={
    Object {
      "opacity": 1,
    }
  }
>
  <a
    href="/"
    onClick={[Function]}
    style={
      Object {
        "color": "hsl(210, 10%, 23%)",
        "textDecoration": "none",
      }
    }
  >
    <Text
      style={
        Array [
          Object {
            "fontSize": 14,
            "fontWeight": "600",
            "letterSpacing": 0.75,
          },
          Object {
            "textAlign": "center",
          },
          undefined,
          undefined,
        ]
      }
    >
      HELLO
    </Text>
  </a>
</View>
`;
